Archive member included to satisfy reference by file (symbol)

./AI/Lib/libNetworkRuntime810_CM7_GCC.a(ai_platform.o)
                              build/esc50v10.o (ai_buffer_array_item_set_address)
./AI/Lib/libNetworkRuntime810_CM7_GCC.a(ai_platform_interface.o)
                              build/esc50v10.o (ai_platform_get_weights_map)
./AI/Lib/libNetworkRuntime810_CM7_GCC.a(core_common.o)
                              ./AI/Lib/libNetworkRuntime810_CM7_GCC.a(ai_platform_interface.o) (core_init)
./AI/Lib/libNetworkRuntime810_CM7_GCC.a(core_mem_manager.o)
                              ./AI/Lib/libNetworkRuntime810_CM7_GCC.a(ai_platform_interface.o) (core_mem_alloc)
./AI/Lib/libNetworkRuntime810_CM7_GCC.a(layers.o)
                              ./AI/Lib/libNetworkRuntime810_CM7_GCC.a(ai_platform_interface.o) (ai_check_custom_types)
./AI/Lib/libNetworkRuntime810_CM7_GCC.a(layers_conv2d_generic_float.o)
                              build/esc50v10.o (forward_conv2d_if32of32wf32)
./AI/Lib/libNetworkRuntime810_CM7_GCC.a(layers_conv2d_stm32_integer.o)
                              ./AI/Lib/libNetworkRuntime810_CM7_GCC.a(layers.o) (get_conv2d_scratch_size)
./AI/Lib/libNetworkRuntime810_CM7_GCC.a(layers_nl_generic_float.o)
                              build/esc50v10.o (forward_relu)
./AI/Lib/libNetworkRuntime810_CM7_GCC.a(forward_lite_conv2d_if32of32wf32.o)
                              ./AI/Lib/libNetworkRuntime810_CM7_GCC.a(layers_conv2d_generic_float.o) (forward_lite_conv2d_if32of32wf32)
./AI/Lib/libNetworkRuntime810_CM7_GCC.a(forward_lite_pool_f32.o)
                              build/esc50v10.o (pool_func_mp_array_f32)
./AI/Lib/libNetworkRuntime810_CM7_GCC.a(lite_dense_if32.o)
                              ./AI/Lib/libNetworkRuntime810_CM7_GCC.a(layers_conv2d_generic_float.o) (forward_lite_dense_if32of32wf32)
./AI/Lib/libNetworkRuntime810_CM7_GCC.a(st_convolve_reference.o)
                              ./AI/Lib/libNetworkRuntime810_CM7_GCC.a(layers_conv2d_stm32_integer.o) (align_factor)
./AI/Lib/libNetworkRuntime810_CM7_GCC.a(st_sssa8_ch_convolve.o)
                              ./AI/Lib/libNetworkRuntime810_CM7_GCC.a(layers_conv2d_stm32_integer.o) (st_sssa8_ch_convolve_rank1upd)
./AI/Lib/libNetworkRuntime810_CM7_GCC.a(st_sssa8_convolve.o)
                              ./AI/Lib/libNetworkRuntime810_CM7_GCC.a(layers_conv2d_stm32_integer.o) (st_sssa8_convolve_rank1upd)
./AI/Lib/libNetworkRuntime810_CM7_GCC.a(st_sssa8_convolve_1x1.o)
                              ./AI/Lib/libNetworkRuntime810_CM7_GCC.a(layers_conv2d_stm32_integer.o) (st_sssa8_convolve_1x1_WeightsPrefetch)
./AI/Lib/libNetworkRuntime810_CM7_GCC.a(st_sssa8_convolve_dw.o)
                              ./AI/Lib/libNetworkRuntime810_CM7_GCC.a(layers_conv2d_stm32_integer.o) (st_sssa8_conv_dw_Wadapt)
./AI/Lib/libNetworkRuntime810_CM7_GCC.a(st_sssa8_convolve_rgb.o)
                              ./AI/Lib/libNetworkRuntime810_CM7_GCC.a(layers_conv2d_stm32_integer.o) (st_sssa8_convolve_rgb)
./AI/Lib/libNetworkRuntime810_CM7_GCC.a(st_ssua8_ch_convolve.o)
                              ./AI/Lib/libNetworkRuntime810_CM7_GCC.a(layers_conv2d_stm32_integer.o) (st_ssua8_ch_convolve_rank1upd)
./AI/Lib/libNetworkRuntime810_CM7_GCC.a(st_ssua8_ch_convolve_1x1.o)
                              ./AI/Lib/libNetworkRuntime810_CM7_GCC.a(layers_conv2d_stm32_integer.o) (st_ssua8_ch_convolve_1x1)
./AI/Lib/libNetworkRuntime810_CM7_GCC.a(st_ssua8_ch_convolve_dw.o)
                              ./AI/Lib/libNetworkRuntime810_CM7_GCC.a(layers_conv2d_stm32_integer.o) (st_ssua8_ch_conv_dw_Wadapt)
./AI/Lib/libNetworkRuntime810_CM7_GCC.a(st_ssua8_ch_convolve_rgb.o)
                              ./AI/Lib/libNetworkRuntime810_CM7_GCC.a(layers_conv2d_stm32_integer.o) (st_ssua8_ch_convolve_rgb)
./AI/Lib/libNetworkRuntime810_CM7_GCC.a(st_ssua8_convolve.o)
                              ./AI/Lib/libNetworkRuntime810_CM7_GCC.a(layers_conv2d_stm32_integer.o) (st_ssua8_convolve_rank1upd)
./AI/Lib/libNetworkRuntime810_CM7_GCC.a(st_ssua8_convolve_1x1.o)
                              ./AI/Lib/libNetworkRuntime810_CM7_GCC.a(layers_conv2d_stm32_integer.o) (st_ssua8_convolve_1x1)
./AI/Lib/libNetworkRuntime810_CM7_GCC.a(st_ssua8_convolve_dw.o)
                              ./AI/Lib/libNetworkRuntime810_CM7_GCC.a(layers_conv2d_stm32_integer.o) (st_ssua8_conv_dw_Wadapt)
./AI/Lib/libNetworkRuntime810_CM7_GCC.a(st_ssua8_convolve_rgb.o)
                              ./AI/Lib/libNetworkRuntime810_CM7_GCC.a(layers_conv2d_stm32_integer.o) (st_ssua8_convolve_rgb)
./AI/Lib/libNetworkRuntime810_CM7_GCC.a(st_uaua8_ch_convolve.o)
                              ./AI/Lib/libNetworkRuntime810_CM7_GCC.a(layers_conv2d_stm32_integer.o) (st_uaua8_ch_convolve_rank1upd)
./AI/Lib/libNetworkRuntime810_CM7_GCC.a(st_uaua8_ch_convolve_1x1.o)
                              ./AI/Lib/libNetworkRuntime810_CM7_GCC.a(layers_conv2d_stm32_integer.o) (st_uaua8_ch_convolve_1x1)
[...]
Memory Configuration

Name             Origin             Length             Attributes
FLASH            0x08000000         0x00020000         xr
DTCMRAM          0x20000000         0x00020000         xrw
SRAM             0x24000000         0x00080000         xrw
RAM_D2           0x30000000         0x00048000         xrw
RAM_D3           0x38000000         0x00010000         xrw
ITCMRAM          0x00000000         0x00010000         xrw
SDRAM            0xc0000000         0x04000000         xrw
QSPIFLASH        0x90000000         0x00800000         xr
*default*        0x00000000         0xffffffff

Linker script and memory map

LOAD c:/program files/daisytoolchain/bin/../lib/gcc/arm-none-eabi/10.2.1/thumb/v7e-m+dp/hard/crti.o
LOAD c:/program files/daisytoolchain/bin/../lib/gcc/arm-none-eabi/10.2.1/thumb/v7e-m+dp/hard/crtbegin.o
LOAD c:/program files/daisytoolchain/bin/../lib/gcc/arm-none-eabi/10.2.1/../../../../arm-none-eabi/lib/thumb/v7e-m+dp/hard/crt0.o
LOAD build/esc50v10.o
LOAD build/esc50v10_data.o
LOAD build/esc50v10_data_params.o
LOAD build/startup_stm32h750xx.o
LOAD build/AIBoiler.o
LOAD ./AI/Lib/libNetworkRuntime810_CM7_GCC.a
LOAD ../../libDaisy/build\libdaisy.a
LOAD c:/program files/daisytoolchain/bin/../lib/gcc/arm-none-eabi/10.2.1/../../../../arm-none-eabi/lib/thumb/v7e-m+dp/hard\libnosys.a
LOAD ../../DaisySP/build\libdaisysp.a
LOAD c:/program files/daisytoolchain/bin/../lib/gcc/arm-none-eabi/10.2.1/../../../../arm-none-eabi/lib/thumb/v7e-m+dp/hard\libstdc++_nano.a
LOAD c:/program files/daisytoolchain/bin/../lib/gcc/arm-none-eabi/10.2.1/../../../../arm-none-eabi/lib/thumb/v7e-m+dp/hard\libm.a
LOAD c:/program files/daisytoolchain/bin/../lib/gcc/arm-none-eabi/10.2.1/../../../../arm-none-eabi/lib/thumb/v7e-m+dp/hard\libc_nano.a
START GROUP
LOAD c:/program files/daisytoolchain/bin/../lib/gcc/arm-none-eabi/10.2.1/thumb/v7e-m+dp/hard\libgcc.a
LOAD c:/program files/daisytoolchain/bin/../lib/gcc/arm-none-eabi/10.2.1/../../../../arm-none-eabi/lib/thumb/v7e-m+dp/hard\libc_nano.a
END GROUP
START GROUP
LOAD c:/program files/daisytoolchain/bin/../lib/gcc/arm-none-eabi/10.2.1/thumb/v7e-m+dp/hard\libgcc.a
LOAD c:/program files/daisytoolchain/bin/../lib/gcc/arm-none-eabi/10.2.1/../../../../arm-none-eabi/lib/thumb/v7e-m+dp/hard\libc_nano.a
LOAD c:/program files/daisytoolchain/bin/../lib/gcc/arm-none-eabi/10.2.1/../../../../arm-none-eabi/lib/thumb/v7e-m+dp/hard\libnosys.a
END GROUP
START GROUP
LOAD c:/program files/daisytoolchain/bin/../lib/gcc/arm-none-eabi/10.2.1/thumb/v7e-m+dp/hard\libgcc.a
LOAD c:/program files/daisytoolchain/bin/../lib/gcc/arm-none-eabi/10.2.1/../../../../arm-none-eabi/lib/thumb/v7e-m+dp/hard\libc_nano.a
LOAD c:/program files/daisytoolchain/bin/../lib/gcc/arm-none-eabi/10.2.1/../../../../arm-none-eabi/lib/thumb/v7e-m+dp/hard\libnosys.a
END GROUP
LOAD c:/program files/daisytoolchain/bin/../lib/gcc/arm-none-eabi/10.2.1/thumb/v7e-m+dp/hard/crtend.o
LOAD c:/program files/daisytoolchain/bin/../lib/gcc/arm-none-eabi/10.2.1/thumb/v7e-m+dp/hard/crtn.o
                0x20020000                _estack = 0x20020000

.isr_vector     0x08000000      0x298
                0x08000000                . = ALIGN (0x4)
 *(.isr_vector)
 .isr_vector    0x08000000      0x298 build/startup_stm32h750xx.o
                0x08000000                g_pfnVectors
                0x08000298                . = ALIGN (0x4)

.text           0x08000298    0x13488
                0x08000298                . = ALIGN (0x4)
                0x08000298                _stext = .
 *(.text)
 .text          0x08000298       0x40 c:/program files/daisytoolchain/bin/../lib/gcc/arm-none-eabi/10.2.1/thumb/v7e-m+dp/hard/crtbegin.o
 .text          0x080002d8       0x30 c:/program files/daisytoolchain/bin/../lib/gcc/arm-none-eabi/10.2.1/thumb/v7e-m+dp/hard\libgcc.a(_aeabi_uldivmod.o)
                0x080002d8                __aeabi_uldivmod
 .text          0x08000308      0x2d0 c:/program files/daisytoolchain/bin/../lib/gcc/arm-none-eabi/10.2.1/thumb/v7e-m+dp/hard\libgcc.a(_udivmoddi4.o)
                0x08000308                __udivmoddi4
 .text          0x080005d8        0x4 c:/program files/daisytoolchain/bin/../lib/gcc/arm-none-eabi/10.2.1/thumb/v7e-m+dp/hard\libgcc.a(_dvmd_tls.o)
                0x080005d8                __aeabi_idiv0
                0x080005d8                __aeabi_ldiv0
 *(.text*)
 .text.esc50v10_configure_activations
                0x080005dc      0x188 build/esc50v10.o
 .text.esc50v10_configure_weights
                0x08000764      0x1e0 build/esc50v10.o
 .text.ai_esc50v10_get_error
                0x08000944       0x18 build/esc50v10.o
                0x08000944                ai_esc50v10_get_error
 .text.ai_esc50v10_create
                0x0800095c       0x2c build/esc50v10.o
                0x0800095c                ai_esc50v10_create
 .text.ai_esc50v10_create_and_init
                0x08000988       0xe8 build/esc50v10.o
                0x08000988                ai_esc50v10_create_and_init
 .text.ai_esc50v10_inputs_get
                0x08000a70       0x34 build/esc50v10.o
                0x08000a70                ai_esc50v10_inputs_get
 .text.ai_esc50v10_outputs_get
                0x08000aa4       0x34 build/esc50v10.o
                0x08000aa4                ai_esc50v10_outputs_get
 .text.ai_esc50v10_init
                0x08000ad8       0x78 build/esc50v10.o
                0x08000ad8                ai_esc50v10_init
 .text.ai_esc50v10_data_params_get
                0x08000b50       0x50 build/esc50v10_data.o
                0x08000b50                ai_esc50v10_data_params_get
 .text.Reset_Handler
                0x08000ba0       0x48 build/startup_stm32h750xx.o
                0x08000ba0                Reset_Handler
 .text.Default_Handler
                0x08000be8        0x2 build/startup_stm32h750xx.o
                0x08000be8                RTC_Alarm_IRQHandler
                0x08000be8                HASH_RNG_IRQHandler
                0x08000be8                EXTI2_IRQHandler
                0x08000be8                TIM8_CC_IRQHandler
                0x08000be8                HRTIM1_Master_IRQHandler
                0x08000be8                DebugMon_Handler
                0x08000be8                TIM1_CC_IRQHandler
                0x08000be8                BDMA_Channel6_IRQHandler
                0x08000be8                DMA2_Stream5_IRQHandler
                0x08000be8                HRTIM1_FLT_IRQHandler
                0x08000be8                JPEG_IRQHandler
                0x08000be8                BDMA_Channel1_IRQHandler
                0x08000be8                HRTIM1_TIMD_IRQHandler
                0x08000be8                TAMP_STAMP_IRQHandler
                0x08000be8                PendSV_Handler
                0x08000be8                NMI_Handler
                0x08000be8                EXTI3_IRQHandler
                0x08000be8                LPTIM4_IRQHandler
                0x08000be8                TIM8_TRG_COM_TIM14_IRQHandler
                0x08000be8                LPTIM2_IRQHandler
                0x08000be8                DFSDM1_FLT1_IRQHandler
                0x08000be8                DMAMUX2_OVR_IRQHandler
                0x08000be8                TIM8_UP_TIM13_IRQHandler
                0x08000be8                I2C3_ER_IRQHandler
                0x08000be8                DFSDM1_FLT2_IRQHandler
                0x08000be8                MDMA_IRQHandler
                0x08000be8                LPTIM3_IRQHandler
                0x08000be8                HSEM1_IRQHandler
                0x08000be8                EXTI0_IRQHandler
                0x08000be8                DMA1_Stream2_IRQHandler
                0x08000be8                FPU_IRQHandler
                0x08000be8                OTG_HS_WKUP_IRQHandler
                0x08000be8                FDCAN1_IT1_IRQHandler
                0x08000be8                UsageFault_Handler
                0x08000be8                LTDC_ER_IRQHandler
                0x08000be8                HRTIM1_TIME_IRQHandler
                0x08000be8                TIM6_DAC_IRQHandler
                0x08000be8                DCMI_IRQHandler
                0x08000be8                HRTIM1_TIMC_IRQHandler
                0x08000be8                SAI2_IRQHandler
                0x08000be8                DFSDM1_FLT3_IRQHandler
                0x08000be8                TIM17_IRQHandler
                0x08000be8                BDMA_Channel7_IRQHandler
                0x08000be8                CRYP_IRQHandler
                0x08000be8                LPTIM5_IRQHandler
                0x08000be8                ADC3_IRQHandler
                0x08000be8                DMA2_Stream0_IRQHandler
                0x08000be8                BDMA_Channel2_IRQHandler
                0x08000be8                DMAMUX1_OVR_IRQHandler
                0x08000be8                TIM16_IRQHandler
                0x08000be8                BDMA_Channel5_IRQHandler
                0x08000be8                RCC_IRQHandler
                0x08000be8                TIM8_BRK_TIM12_IRQHandler
                0x08000be8                TIM1_TRG_COM_IRQHandler
                0x08000be8                Default_Handler
                0x08000be8                ECC_IRQHandler
                0x08000be8                CEC_IRQHandler
                0x08000be8                EXTI15_10_IRQHandler
                0x08000be8                BDMA_Channel0_IRQHandler
                0x08000be8                ADC_IRQHandler
                0x08000be8                DMA1_Stream7_IRQHandler
                0x08000be8                HRTIM1_TIMA_IRQHandler
                0x08000be8                TIM7_IRQHandler
                0x08000be8                SDMMC1_IRQHandler
                0x08000be8                DMA2_Stream7_IRQHandler
                0x08000be8                TIM15_IRQHandler
                0x08000be8                PVD_AVD_IRQHandler
                0x08000be8                EXTI9_5_IRQHandler
                0x08000be8                RTC_WKUP_IRQHandler
                0x08000be8                LTDC_IRQHandler
                0x08000be8                SAI3_IRQHandler
                0x08000be8                ETH_WKUP_IRQHandler
                0x08000be8                SPDIF_RX_IRQHandler
                0x08000be8                MemManage_Handler
                0x08000be8                SVC_Handler
                0x08000be8                CRS_IRQHandler
                0x08000be8                EXTI4_IRQHandler
                0x08000be8                HRTIM1_TIMB_IRQHandler
                0x08000be8                FDCAN2_IT1_IRQHandler
                0x08000be8                ETH_IRQHandler
                0x08000be8                TIM1_UP_IRQHandler
                0x08000be8                BDMA_Channel4_IRQHandler
                0x08000be8                WWDG_IRQHandler
                0x08000be8                SPI6_IRQHandler
                0x08000be8                MDIOS_IRQHandler
                0x08000be8                I2C4_EV_IRQHandler
                0x08000be8                FDCAN2_IT0_IRQHandler
                0x08000be8                FDCAN1_IT0_IRQHandler
                0x08000be8                OTG_FS_WKUP_IRQHandler
                0x08000be8                DMA2D_IRQHandler
                0x08000be8                TIM1_BRK_IRQHandler
                0x08000be8                EXTI1_IRQHandler
                0x08000be8                SDMMC2_IRQHandler
                0x08000be8                OTG_FS_EP1_OUT_IRQHandler
                0x08000be8                BDMA_Channel3_IRQHandler
                0x08000be8                MDIOS_WKUP_IRQHandler
                0x08000be8                DFSDM1_FLT0_IRQHandler
                0x08000be8                SAI4_IRQHandler
                0x08000be8                I2C2_ER_IRQHandler
                0x08000be8                DMA2_Stream1_IRQHandler
                0x08000be8                FLASH_IRQHandler
                0x08000be8                BusFault_Handler
                0x08000be8                OTG_FS_IRQHandler
                0x08000be8                WAKEUP_PIN_IRQHandler
                0x08000be8                OTG_FS_EP1_IN_IRQHandler
                0x08000be8                I2C1_ER_IRQHandler
                0x08000be8                FMC_IRQHandler
                0x08000be8                FDCAN_CAL_IRQHandler
                0x08000be8                SWPMI1_IRQHandler
                0x08000be8                COMP1_IRQHandler
                0x08000be8                LPTIM1_IRQHandler
                0x08000be8                I2C4_ER_IRQHandler
                0x08000be8                DMA2_Stream6_IRQHandler
                0x08000be8                SAI1_IRQHandler
 .text._ZN5daisy6SystemC2Ev
                0x08000bea       0x16 build/AIBoiler.o
                0x08000bea                daisy::System::System()
                0x08000bea                daisy::System::System()
 .text._ZN5daisy6SystemD2Ev
                0x08000c00       0x16 build/AIBoiler.o
                0x08000c00                daisy::System::~System()
                0x08000c00                daisy::System::~System()
 .text._ZN5daisy10QSPIHandleC2Ev
                0x08000c16       0x1c build/AIBoiler.o
                0x08000c16                daisy::QSPIHandle::QSPIHandle()
                0x08000c16                daisy::QSPIHandle::QSPIHandle()
 .text._ZN5daisy9DacHandleC2Ev
                0x08000c32       0x1c build/AIBoiler.o
                0x08000c32                daisy::DacHandle::DacHandle()
                0x08000c32                daisy::DacHandle::DacHandle()
 .text._ZN5daisy11AudioHandleC2Ev
                0x08000c4e       0x1c build/AIBoiler.o
                0x08000c4e                daisy::AudioHandle::AudioHandle()
                0x08000c4e                daisy::AudioHandle::AudioHandle()
 .text._ZN5daisy11AudioHandleD2Ev
                0x08000c6a       0x16 build/AIBoiler.o
                0x08000c6a                daisy::AudioHandle::~AudioHandle()
                0x08000c6a                daisy::AudioHandle::~AudioHandle()
 .text._ZN5daisy9AdcHandleC2Ev
                0x08000c80       0x16 build/AIBoiler.o
                0x08000c80                daisy::AdcHandle::AdcHandle()
                0x08000c80                daisy::AdcHandle::AdcHandle()
 .text._ZN5daisy9AdcHandleD2Ev
                0x08000c96       0x16 build/AIBoiler.o
                0x08000c96                daisy::AdcHandle::~AdcHandle()
                0x08000c96                daisy::AdcHandle::~AdcHandle()
 .text._ZN5daisy9UsbHandleC2Ev
                0x08000cac       0x16 build/AIBoiler.o
                0x08000cac                daisy::UsbHandle::UsbHandle()
                0x08000cac                daisy::UsbHandle::UsbHandle()
 .text._ZN5daisy9UsbHandleD2Ev
                0x08000cc2       0x16 build/AIBoiler.o
                0x08000cc2                daisy::UsbHandle::~UsbHandle()
                0x08000cc2                daisy::UsbHandle::~UsbHandle()
 .text._ZN5daisy9DaisySeedC2Ev
                0x08000cd8       0x4c build/AIBoiler.o
                0x08000cd8                daisy::DaisySeed::DaisySeed()
                0x08000cd8                daisy::DaisySeed::DaisySeed()
 .text._ZN5daisy9DaisySeedD2Ev
                0x08000d24       0x3a build/AIBoiler.o
                0x08000d24                daisy::DaisySeed::~DaisySeed()
                0x08000d24                daisy::DaisySeed::~DaisySeed()
 .text._ZL13AudioCallbackPKfPfj
                0x08000d5e       0x18 build/AIBoiler.o
 *fill*         0x08000d76        0x2 
 .text.main     0x08000d78      0x1c0 build/AIBoiler.o
                0x08000d78                main
 .text._Z41__static_initialization_and_destruction_0ii
                0x08000f38       0x40 build/AIBoiler.o
 .text._GLOBAL__sub_I_main
                0x08000f78       0x10 build/AIBoiler.o
 .text.ai_buffer_get_size
                0x08000f88       0x68 ./AI/Lib/libNetworkRuntime810_CM7_GCC.a(ai_platform.o)
                0x08000f88                ai_buffer_get_size
 .text.ai_buffer_array_sane
                0x08000ff0       0x14 ./AI/Lib/libNetworkRuntime810_CM7_GCC.a(ai_platform.o)
                0x08000ff0                ai_buffer_array_sane
 .text.ai_buffer_array_item_set_address
                0x08001004       0x20 ./AI/Lib/libNetworkRuntime810_CM7_GCC.a(ai_platform.o)
                0x08001004                ai_buffer_array_item_set_address
 .text._ai_platform_acquire_crc
                0x08001024        0x4 ./AI/Lib/libNetworkRuntime810_CM7_GCC.a(ai_platform_interface.o)
                0x08001024                _ai_platform_acquire_crc
 .text._ai_platform_release_crc
                0x08001028        0x4 ./AI/Lib/libNetworkRuntime810_CM7_GCC.a(ai_platform_interface.o)
                0x08001028                _ai_platform_release_crc
 .text.ai_platform_get_weights_map
                0x0800102c       0xb0 ./AI/Lib/libNetworkRuntime810_CM7_GCC.a(ai_platform_interface.o)
                0x0800102c                ai_platform_get_weights_map
 .text.ai_platform_get_activations_map
                0x080010dc       0xb0 ./AI/Lib/libNetworkRuntime810_CM7_GCC.a(ai_platform_interface.o)
                0x080010dc                ai_platform_get_activations_map
 .text.ai_platform_bind_network_params
                0x0800118c       0x34 ./AI/Lib/libNetworkRuntime810_CM7_GCC.a(ai_platform_interface.o)
                0x0800118c                ai_platform_bind_network_params
 .text.ai_platform_network_get_error
                0x080011c0      0x218 ./AI/Lib/libNetworkRuntime810_CM7_GCC.a(ai_platform_interface.o)
                0x080011c0                ai_platform_network_get_error
 .text.ai_platform_network_set_error
                0x080013d8        0xc ./AI/Lib/libNetworkRuntime810_CM7_GCC.a(ai_platform_interface.o)
                0x080013d8                ai_platform_network_set_error
 .text.ai_platform_inputs_get
                0x080013e4      0x318 ./AI/Lib/libNetworkRuntime810_CM7_GCC.a(ai_platform_interface.o)
                0x080013e4                ai_platform_inputs_get
 .text.ai_platform_outputs_get
                0x080016fc      0x310 ./AI/Lib/libNetworkRuntime810_CM7_GCC.a(ai_platform_interface.o)
                0x080016fc                ai_platform_outputs_get
 .text.ai_platform_network_create
                0x08001a0c      0x3b4 ./AI/Lib/libNetworkRuntime810_CM7_GCC.a(ai_platform_interface.o)
                0x08001a0c                ai_platform_network_create
 .text.ai_platform_network_init
                0x08001dc0      0x338 ./AI/Lib/libNetworkRuntime810_CM7_GCC.a(ai_platform_interface.o)
                0x08001dc0                ai_platform_network_init
 .text.ai_platform_network_post_init
                0x080020f8      0x254 ./AI/Lib/libNetworkRuntime810_CM7_GCC.a(ai_platform_interface.o)
                0x080020f8                ai_platform_network_post_init
 .text.core_init
                0x0800234c        0x4 ./AI/Lib/libNetworkRuntime810_CM7_GCC.a(core_common.o)
                0x0800234c                core_init
 .text.core_get_error
                0x08002350        0xc ./AI/Lib/libNetworkRuntime810_CM7_GCC.a(core_common.o)
                0x08002350                core_get_error
 .text.core_set_error
                0x0800235c       0x18 ./AI/Lib/libNetworkRuntime810_CM7_GCC.a(core_common.o)
                0x0800235c                core_set_error
 .text.ai_check_custom_types
                0x08002374       0x50 ./AI/Lib/libNetworkRuntime810_CM7_GCC.a(layers.o)
                0x08002374                ai_check_custom_types
 .text.ai_layers_init_all
                0x080023c4       0x1c ./AI/Lib/libNetworkRuntime810_CM7_GCC.a(layers.o)
                0x080023c4                ai_layers_init_all
 .text.ai_layers_post_init_all
                0x080023e0       0x28 ./AI/Lib/libNetworkRuntime810_CM7_GCC.a(layers.o)
                0x080023e0                ai_layers_post_init_all
 .text.ai_dict_decompress_f32
                0x08002408       0xa0 ./AI/Lib/libNetworkRuntime810_CM7_GCC.a(layers_conv2d_generic_float.o)
                0x08002408                ai_dict_decompress_f32
 .text.forward_conv2d_if32of32wf32
                0x080024a8      0x190 ./AI/Lib/libNetworkRuntime810_CM7_GCC.a(layers_conv2d_generic_float.o)
                0x080024a8                forward_conv2d_if32of32wf32
 .text.forward_conv2d_if32of32wf32_pool
                0x08002638      0x1fc ./AI/Lib/libNetworkRuntime810_CM7_GCC.a(layers_conv2d_generic_float.o)
                0x08002638                forward_conv2d_if32of32wf32_pool
 .text.forward_dense
                0x08002834      0x840 ./AI/Lib/libNetworkRuntime810_CM7_GCC.a(layers_conv2d_generic_float.o)
                0x08002834                forward_dense
 .text.forward_relu
                0x08003074      0x268 ./AI/Lib/libNetworkRuntime810_CM7_GCC.a(layers_nl_generic_float.o)
                0x08003074                forward_relu
 .text.forward_sm
                0x080032dc      0x114 ./AI/Lib/libNetworkRuntime810_CM7_GCC.a(layers_nl_generic_float.o)
                0x080032dc                forward_sm
 .text.ai_conv2d_kernel_simple_opt_f32.constprop.0
                0x080033f0      0x22c ./AI/Lib/libNetworkRuntime810_CM7_GCC.a(forward_lite_conv2d_if32of32wf32.o)
 .text.forward_lite_conv2d_if32of32wf32
                0x0800361c      0x2c0 ./AI/Lib/libNetworkRuntime810_CM7_GCC.a(forward_lite_conv2d_if32of32wf32.o)
                0x0800361c                forward_lite_conv2d_if32of32wf32
 .text.forward_lite_conv2d_if32of32wf32_pool
                0x080038dc      0x574 ./AI/Lib/libNetworkRuntime810_CM7_GCC.a(forward_lite_conv2d_if32of32wf32.o)
                0x080038dc                forward_lite_conv2d_if32of32wf32_pool
 .text.pool_func_mp_array_f32
                0x08003e50      0x410 ./AI/Lib/libNetworkRuntime810_CM7_GCC.a(forward_lite_pool_f32.o)
                0x08003e50                pool_func_mp_array_f32
 .text.forward_lite_dense_if32of32wf32
                0x08004260      0x250 ./AI/Lib/libNetworkRuntime810_CM7_GCC.a(lite_dense_if32.o)
                0x08004260                forward_lite_dense_if32of32wf32
 .text.st_int8_copy
                0x080044b0      0x110 ./AI/Lib/libNetworkRuntime810_CM7_GCC.a(st_int8_fill.o)
                0x080044b0                st_int8_copy
 .text.ai_array_to_buffer_fmt
                0x080045c0       0xd8 ./AI/Lib/libNetworkRuntime810_CM7_GCC.a(ai_datatypes_format.o)
                0x080045c0                ai_array_to_buffer_fmt
 .text.ai_array_get_byte_size
                0x08004698       0x50 ./AI/Lib/libNetworkRuntime810_CM7_GCC.a(ai_datatypes_format.o)
                0x08004698                ai_array_get_byte_size
 .text.ai_version_get
                0x080046e8        0xc ./AI/Lib/libNetworkRuntime810_CM7_GCC.a(ai_datatypes_internal.o)
                0x080046e8                ai_version_get
 .text._ZN5daisy9DaisySeed9ConfigureEv
                0x080046f4        0x4 ../../libDaisy/build\libdaisy.a(daisy_seed.o)
                0x080046f4                daisy::DaisySeed::Configure()
 .text._ZN5daisy9DaisySeed10StartAudioEPFvPKfPfjE
                0x080046f8        0x8 ../../libDaisy/build\libdaisy.a(daisy_seed.o)
                0x080046f8                daisy::DaisySeed::StartAudio(void (*)(float const*, float*, unsigned int))
 .text._ZN5daisy9DaisySeed6SetLedEb
                0x08004700        0x8 ../../libDaisy/build\libdaisy.a(daisy_seed.o)
                0x08004700                daisy::DaisySeed::SetLed(bool)
 .text._ZN5daisy9DaisySeed14ConfigureAudioEv
                0x08004708       0xd0 ../../libDaisy/build\libdaisy.a(daisy_seed.o)
                0x08004708                daisy::DaisySeed::ConfigureAudio()
 .text._ZN5daisy9DaisySeed4InitEb
                0x080047d8       0xf0 ../../libDaisy/build\libdaisy.a(daisy_seed.o)
                0x080047d8                daisy::DaisySeed::Init(bool)
 .text._ZN5daisy6Ak45564InitE12dsy_gpio_pin
                0x080048c8       0x44 ../../libDaisy/build\libdaisy.a(codec_ak4556.o)
                0x080048c8                daisy::Ak4556::Init(dsy_gpio_pin)
 .text._ZN5daisy6Wm873120WriteControlRegisterEht
                0x0800490c       0x3c ../../libDaisy/build\libdaisy.a(codec_wm8731.o)
                0x0800490c                daisy::Wm8731::WriteControlRegister(unsigned char, unsigned short)
 .text._ZN5daisy6Wm87314InitERKNS0_6ConfigENS_9I2CHandleE
                0x08004948      0x1bc ../../libDaisy/build\libdaisy.a(codec_wm8731.o)
                0x08004948                daisy::Wm8731::Init(daisy::Wm8731::Config const&, daisy::I2CHandle)
 .text._ZN11SdramHandle10DeviceInitEv
                0x08004b04       0x98 ../../libDaisy/build\libdaisy.a(sdram.o)
                0x08004b04                SdramHandle::DeviceInit()
 .text._ZN11SdramHandle4InitEv
                0x08004b9c       0x7c ../../libDaisy/build\libdaisy.a(sdram.o)
                0x08004b9c                SdramHandle::Init()
 .text.HAL_SDRAM_MspInit
                0x08004c18      0x1a8 ../../libDaisy/build\libdaisy.a(sdram.o)
                0x08004c18                HAL_SDRAM_MspInit
 .text._ZN5daisy11AudioHandle4Impl16InternalCallbackEPlS2_j
                0x08004dc0      0xbbc ../../libDaisy/build\libdaisy.a(audio.o)
                0x08004dc0                daisy::AudioHandle::Impl::InternalCallback(long*, long*, unsigned int)
 .text._ZN5daisy11AudioHandle4InitERKNS0_6ConfigENS_9SaiHandleE
                0x0800597c       0x70 ../../libDaisy/build\libdaisy.a(audio.o)
                0x0800597c                daisy::AudioHandle::Init(daisy::AudioHandle::Config const&, daisy::SaiHandle)
 .text._ZNK5daisy11AudioHandle9GetConfigEv
                0x080059ec        0x8 ../../libDaisy/build\libdaisy.a(audio.o)
                0x080059ec                daisy::AudioHandle::GetConfig() const
 .text._ZN5daisy11AudioHandle13GetSampleRateEv
                0x080059f4        0x8 ../../libDaisy/build\libdaisy.a(audio.o)
                0x080059f4                daisy::AudioHandle::GetSampleRate()
 .text._ZN5daisy11AudioHandle5StartEPFvPKfPfjE
                0x080059fc       0x2c ../../libDaisy/build\libdaisy.a(audio.o)
                0x080059fc                daisy::AudioHandle::Start(void (*)(float const*, float*, unsigned int))
 .text.startup._GLOBAL__sub_I__ZN5daisy11AudioHandle4Impl4InitENS0_6ConfigENS_9SaiHandleE
                0x08005a28       0x24 ../../libDaisy/build\libdaisy.a(audio.o)
 .text.dsy_gpio_init
                0x08005a4c      0x1b8 ../../libDaisy/build\libdaisy.a(gpio.o)
                0x08005a4c                dsy_gpio_init
 .text.dsy_gpio_read
                0x08005c04       0x1c ../../libDaisy/build\libdaisy.a(gpio.o)
                0x08005c04                dsy_gpio_read
 .text.dsy_gpio_write
                0x08005c20       0x24 ../../libDaisy/build\libdaisy.a(gpio.o)
                0x08005c20                dsy_gpio_write
 .text._ZN5daisy9I2CHandle4Impl8InitPinsEv
                0x08005c44       0x58 ../../libDaisy/build\libdaisy.a(i2c.o)
                0x08005c44                daisy::I2CHandle::Impl::InitPins()
 .text.HAL_I2C_MspInit
                0x08005c9c      0x1b4 ../../libDaisy/build\libdaisy.a(i2c.o)
                0x08005c9c                HAL_I2C_MspInit
 .text.dsy_i2c_global_init
                0x08005e50       0x78 ../../libDaisy/build\libdaisy.a(i2c.o)
                0x08005e50                dsy_i2c_global_init
 .text.DMA1_Stream6_IRQHandler
                0x08005ec8       0x34 ../../libDaisy/build\libdaisy.a(i2c.o)
                0x08005ec8                DMA1_Stream6_IRQHandler
 .text.I2C1_EV_IRQHandler
                0x08005efc        0xc ../../libDaisy/build\libdaisy.a(i2c.o)
                0x08005efc                I2C1_EV_IRQHandler
 .text.I2C2_EV_IRQHandler
                0x08005f08        0xc ../../libDaisy/build\libdaisy.a(i2c.o)
                0x08005f08                I2C2_EV_IRQHandler
 .text.I2C3_EV_IRQHandler
                0x08005f14        0xc ../../libDaisy/build\libdaisy.a(i2c.o)
                0x08005f14                I2C3_EV_IRQHandler
 .text._ZN5daisy9I2CHandle4InitERKNS0_6ConfigE
                0x08005f20      0x12c ../../libDaisy/build\libdaisy.a(i2c.o)
                0x08005f20                daisy::I2CHandle::Init(daisy::I2CHandle::Config const&)
 .text._ZN5daisy9I2CHandle16TransmitBlockingEtPhtm
                0x0800604c       0x50 ../../libDaisy/build\libdaisy.a(i2c.o)
                0x0800604c                daisy::I2CHandle::TransmitBlocking(unsigned short, unsigned char*, unsigned short, unsigned long)
 .text.startup._GLOBAL__sub_I__ZN5daisy9I2CHandle4Impl10GlobalInitEv
                0x0800609c       0x18 ../../libDaisy/build\libdaisy.a(i2c.o)
 .text._ZN5daisy10QSPIHandle4Impl11WriteEnableEv
                0x080060b4       0x8c ../../libDaisy/build\libdaisy.a(qspi.o)
                0x080060b4                daisy::QSPIHandle::Impl::WriteEnable()
 .text._ZN5daisy10QSPIHandle4Impl17DummyCyclesConfigENS0_6Config6DeviceE
                0x08006140      0x118 ../../libDaisy/build\libdaisy.a(qspi.o)
                0x08006140                daisy::QSPIHandle::Impl::DummyCyclesConfig(daisy::QSPIHandle::Config::Device)
 .text._ZN5daisy10QSPIHandle4Impl10QuadEnableEv
                0x08006258      0x158 ../../libDaisy/build\libdaisy.a(qspi.o)
                0x08006258                daisy::QSPIHandle::Impl::QuadEnable()
 .text._ZN5daisy10QSPIHandle4InitERKNS0_6ConfigE
                0x080063b0      0x198 ../../libDaisy/build\libdaisy.a(qspi.o)
                0x080063b0                daisy::QSPIHandle::Init(daisy::QSPIHandle::Config const&)
 .text.HAL_QSPI_MspInit
                0x08006548      0x11c ../../libDaisy/build\libdaisy.a(qspi.o)
                0x08006548                HAL_QSPI_MspInit
 .text.HAL_QSPI_MspDeInit
                0x08006664       0x54 ../../libDaisy/build\libdaisy.a(qspi.o)
                0x08006664                HAL_QSPI_MspDeInit
 .text.QUADSPI_IRQHandler
                0x080066b8        0xc ../../libDaisy/build\libdaisy.a(qspi.o)
                0x080066b8                QUADSPI_IRQHandler
 .text.startup._GLOBAL__sub_I__ZN5daisy10QSPIHandle4Impl4InitERKNS0_6ConfigE
                0x080066c4       0x28 ../../libDaisy/build\libdaisy.a(qspi.o)
 .text._ZN5daisy9SaiHandle4Impl7InitDmaENS1_15PeripheralBlockE
                0x080066ec       0xa0 ../../libDaisy/build\libdaisy.a(sai.o)
                0x080066ec                daisy::SaiHandle::Impl::InitDma(daisy::SaiHandle::Impl::PeripheralBlock)
 .text._ZN5daisy9SaiHandle4Impl8InitPinsEv
                0x0800678c       0xa8 ../../libDaisy/build\libdaisy.a(sai.o)
                0x0800678c                daisy::SaiHandle::Impl::InitPins()
 .text.HAL_SAI_MspInit
                0x08006834      0x164 ../../libDaisy/build\libdaisy.a(sai.o)
                0x08006834                HAL_SAI_MspInit
 .text.DMA1_Stream0_IRQHandler
                0x08006998        0xc ../../libDaisy/build\libdaisy.a(sai.o)
                0x08006998                DMA1_Stream0_IRQHandler
 .text.DMA1_Stream1_IRQHandler
                0x080069a4        0xc ../../libDaisy/build\libdaisy.a(sai.o)
                0x080069a4                DMA1_Stream1_IRQHandler
 .text.DMA1_Stream3_IRQHandler
                0x080069b0        0xc ../../libDaisy/build\libdaisy.a(sai.o)
                0x080069b0                DMA1_Stream3_IRQHandler
 .text.DMA1_Stream4_IRQHandler
                0x080069bc        0xc ../../libDaisy/build\libdaisy.a(sai.o)
                0x080069bc                DMA1_Stream4_IRQHandler
 .text.HAL_SAI_RxHalfCpltCallback
                0x080069c8       0x78 ../../libDaisy/build\libdaisy.a(sai.o)
                0x080069c8                HAL_SAI_RxHalfCpltCallback
 .text.HAL_SAI_RxCpltCallback
                0x08006a40       0x70 ../../libDaisy/build\libdaisy.a(sai.o)
                0x08006a40                HAL_SAI_RxCpltCallback
 .text._ZN5daisy9SaiHandle4InitERKNS0_6ConfigE
                0x08006ab0      0x1f0 ../../libDaisy/build\libdaisy.a(sai.o)
                0x08006ab0                daisy::SaiHandle::Init(daisy::SaiHandle::Config const&)
 .text._ZNK5daisy9SaiHandle9GetConfigEv
                0x08006ca0        0x4 ../../libDaisy/build\libdaisy.a(sai.o)
                0x08006ca0                daisy::SaiHandle::GetConfig() const
 .text._ZN5daisy9SaiHandle8StartDmaEPlS1_jPFvS1_S1_jE
                0x08006ca4       0xbc ../../libDaisy/build\libdaisy.a(sai.o)
                0x08006ca4                daisy::SaiHandle::StartDma(long*, long*, unsigned int, void (*)(long*, long*, unsigned int))
 .text._ZN5daisy9SaiHandle13GetSampleRateEv
                0x08006d60       0x24 ../../libDaisy/build\libdaisy.a(sai.o)
                0x08006d60                daisy::SaiHandle::GetSampleRate()
 .text._ZNK5daisy9SaiHandle9GetOffsetEv
                0x08006d84        0x8 ../../libDaisy/build\libdaisy.a(sai.o)
                0x08006d84                daisy::SaiHandle::GetOffset() const
 .text._ZN5daisy11TimerHandleD2Ev
                0x08006d8c        0x4 ../../libDaisy/build\libdaisy.a(system.o)
                0x08006d8c                daisy::TimerHandle::~TimerHandle()
                0x08006d8c                daisy::TimerHandle::~TimerHandle()
 .text.SysTick_Handler
                0x08006d90       0x10 ../../libDaisy/build\libdaisy.a(system.o)
                0x08006d90                SysTick_Handler
 .text.OTG_HS_EP1_OUT_IRQHandler
                0x08006da0       0x24 ../../libDaisy/build\libdaisy.a(system.o)
                0x08006da0                OTG_HS_EP1_OUT_IRQHandler
 .text.OTG_HS_EP1_IN_IRQHandler
                0x08006dc4       0x24 ../../libDaisy/build\libdaisy.a(system.o)
                0x08006dc4                OTG_HS_EP1_IN_IRQHandler
 .text.OTG_HS_IRQHandler
                0x08006de8       0x24 ../../libDaisy/build\libdaisy.a(system.o)
                0x08006de8                OTG_HS_IRQHandler
 .text.HardFault_Handler
                0x08006e0c       0xe0 ../../libDaisy/build\libdaisy.a(system.o)
                0x08006e0c                HardFault_Handler
 .text._ZN5daisy6System5DelayEm
                0x08006eec        0x4 ../../libDaisy/build\libdaisy.a(system.o)
                0x08006eec                daisy::System::Delay(unsigned long)
 .text._ZN5daisy6System15ConfigureClocksEv
                0x08006ef0      0x194 ../../libDaisy/build\libdaisy.a(system.o)
                0x08006ef0                daisy::System::ConfigureClocks()
 .text._ZN5daisy6System4InitERKNS0_6ConfigE
                0x08007084      0x140 ../../libDaisy/build\libdaisy.a(system.o)
                0x08007084                daisy::System::Init(daisy::System::Config const&)
 .text._ZN5daisy6System12GetPClk1FreqEv
                0x080071c4        0x4 ../../libDaisy/build\libdaisy.a(system.o)
                0x080071c4                daisy::System::GetPClk1Freq()
 .text._ZN5daisy6System22GetProgramMemoryRegionEv
                0x080071c8       0x78 ../../libDaisy/build\libdaisy.a(system.o)
                0x080071c8                daisy::System::GetProgramMemoryRegion()
 .text.startup._GLOBAL__sub_I_SysTick_Handler
                0x08007240       0x1c ../../libDaisy/build\libdaisy.a(system.o)
 .text.SystemInit
                0x0800725c       0x9c ../../libDaisy/build\libdaisy.a(system_stm32h7xx.o)
                0x0800725c                SystemInit
 .text.HAL_PCD_SetupStageCallback
                0x080072f8        0xc ../../libDaisy/build\libdaisy.a(usbd_conf.o)
                0x080072f8                HAL_PCD_SetupStageCallback
 .text.HAL_PCD_DataOutStageCallback
                0x08007304       0x14 ../../libDaisy/build\libdaisy.a(usbd_conf.o)
                0x08007304                HAL_PCD_DataOutStageCallback
 .text.HAL_PCD_DataInStageCallback
                0x08007318       0x14 ../../libDaisy/build\libdaisy.a(usbd_conf.o)
                0x08007318                HAL_PCD_DataInStageCallback
 .text.HAL_PCD_SOFCallback
                0x0800732c        0x8 ../../libDaisy/build\libdaisy.a(usbd_conf.o)
                0x0800732c                HAL_PCD_SOFCallback
 .text.HAL_PCD_ResetCallback
                0x08007334       0x24 ../../libDaisy/build\libdaisy.a(usbd_conf.o)
                0x08007334                HAL_PCD_ResetCallback
 .text.HAL_PCD_SuspendCallback
                0x08007358       0x30 ../../libDaisy/build\libdaisy.a(usbd_conf.o)
                0x08007358                HAL_PCD_SuspendCallback
 .text.HAL_PCD_ResumeCallback
                0x08007388        0x8 ../../libDaisy/build\libdaisy.a(usbd_conf.o)
                0x08007388                HAL_PCD_ResumeCallback
 .text.HAL_PCD_ISOOUTIncompleteCallback
                0x08007390        0x8 ../../libDaisy/build\libdaisy.a(usbd_conf.o)
                0x08007390                HAL_PCD_ISOOUTIncompleteCallback
 .text.HAL_PCD_ISOINIncompleteCallback
                0x08007398        0x8 ../../libDaisy/build\libdaisy.a(usbd_conf.o)
                0x08007398                HAL_PCD_ISOINIncompleteCallback
 .text.HAL_PCD_ConnectCallback
                0x080073a0        0x8 ../../libDaisy/build\libdaisy.a(usbd_conf.o)
                0x080073a0                HAL_PCD_ConnectCallback
 .text.HAL_PCD_DisconnectCallback
                0x080073a8        0x8 ../../libDaisy/build\libdaisy.a(usbd_conf.o)
                0x080073a8                HAL_PCD_DisconnectCallback
 .text.USBD_LL_OpenEP
                0x080073b0       0x24 ../../libDaisy/build\libdaisy.a(usbd_conf.o)
                0x080073b0                USBD_LL_OpenEP
 .text.USBD_LL_StallEP
                0x080073d4       0x1c ../../libDaisy/build\libdaisy.a(usbd_conf.o)
                0x080073d4                USBD_LL_StallEP
 .text.USBD_LL_ClearStallEP
                0x080073f0       0x1c ../../libDaisy/build\libdaisy.a(usbd_conf.o)
                0x080073f0                USBD_LL_ClearStallEP
 .text.USBD_LL_IsStallEP
                0x0800740c       0x28 ../../libDaisy/build\libdaisy.a(usbd_conf.o)
                0x0800740c                USBD_LL_IsStallEP
 .text.USBD_LL_SetUSBAddress
                0x08007434       0x1c ../../libDaisy/build\libdaisy.a(usbd_conf.o)
                0x08007434                USBD_LL_SetUSBAddress
 .text.USBD_LL_Transmit
                0x08007450       0x1c ../../libDaisy/build\libdaisy.a(usbd_conf.o)
                0x08007450                USBD_LL_Transmit
 .text.USBD_LL_PrepareReceive
                0x0800746c       0x1c ../../libDaisy/build\libdaisy.a(usbd_conf.o)
                0x0800746c                USBD_LL_PrepareReceive
 .text.HAL_HCD_SOF_Callback
                0x08007488        0x8 ../../libDaisy/build\libdaisy.a(usbh_conf.o)
                0x08007488                HAL_HCD_SOF_Callback
 .text.HAL_HCD_Connect_Callback
                0x08007490        0x8 ../../libDaisy/build\libdaisy.a(usbh_conf.o)
                0x08007490                HAL_HCD_Connect_Callback
 .text.HAL_HCD_Disconnect_Callback
                0x08007498        0x8 ../../libDaisy/build\libdaisy.a(usbh_conf.o)
                0x08007498                HAL_HCD_Disconnect_Callback
 .text.HAL_HCD_HC_NotifyURBChange_Callback
                0x080074a0        0x4 ../../libDaisy/build\libdaisy.a(usbh_conf.o)
                0x080074a0                HAL_HCD_HC_NotifyURBChange_Callback
 .text.HAL_HCD_PortEnabled_Callback
                0x080074a4        0x8 ../../libDaisy/build\libdaisy.a(usbh_conf.o)
                0x080074a4                HAL_HCD_PortEnabled_Callback
 .text.HAL_HCD_PortDisabled_Callback
                0x080074ac        0x8 ../../libDaisy/build\libdaisy.a(usbh_conf.o)
                0x080074ac                HAL_HCD_PortDisabled_Callback
 .text.USBH_LL_Stop
                0x080074b4       0x1c ../../libDaisy/build\libdaisy.a(usbh_conf.o)
                0x080074b4                USBH_LL_Stop
 .text.dsy_hal_map_get_port
                0x080074d0       0x10 ../../libDaisy/build\libdaisy.a(hal_map.o)
                0x080074d0                dsy_hal_map_get_port
 .text.dsy_hal_map_get_pin
                0x080074e0       0x10 ../../libDaisy/build\libdaisy.a(hal_map.o)
                0x080074e0                dsy_hal_map_get_pin
 .text.dsy_hal_map_gpio_clk_enable
                0x080074f0      0x150 ../../libDaisy/build\libdaisy.a(hal_map.o)
                0x080074f0                dsy_hal_map_gpio_clk_enable
 .text.HAL_MspInit
                0x08007640        0x4 ../../libDaisy/build\libdaisy.a(stm32h7xx_hal.o)
                0x08007640                HAL_MspInit
 .text.HAL_InitTick
                0x08007644       0x4c ../../libDaisy/build\libdaisy.a(stm32h7xx_hal.o)
                0x08007644                HAL_InitTick
 .text.HAL_Init
                0x08007690       0x60 ../../libDaisy/build\libdaisy.a(stm32h7xx_hal.o)
                0x08007690                HAL_Init
 .text.HAL_IncTick
                0x080076f0       0x18 ../../libDaisy/build\libdaisy.a(stm32h7xx_hal.o)
                0x080076f0                HAL_IncTick
 .text.HAL_GetTick
                0x08007708        0xc ../../libDaisy/build\libdaisy.a(stm32h7xx_hal.o)
                0x08007708                HAL_GetTick
 .text.HAL_Delay
                0x08007714       0x24 ../../libDaisy/build\libdaisy.a(stm32h7xx_hal.o)
                0x08007714                HAL_Delay
 .text.HAL_GetREVID
                0x08007738        0xc ../../libDaisy/build\libdaisy.a(stm32h7xx_hal.o)
                0x08007738                HAL_GetREVID
 .text.HAL_NVIC_SetPriorityGrouping
                0x08007744       0x24 ../../libDaisy/build\libdaisy.a(stm32h7xx_hal_cortex.o)
                0x08007744                HAL_NVIC_SetPriorityGrouping
 .text.HAL_NVIC_SetPriority
                0x08007768       0x7c ../../libDaisy/build\libdaisy.a(stm32h7xx_hal_cortex.o)
                0x08007768                HAL_NVIC_SetPriority
 .text.HAL_NVIC_EnableIRQ
                0x080077e4       0x1c ../../libDaisy/build\libdaisy.a(stm32h7xx_hal_cortex.o)
                0x080077e4                HAL_NVIC_EnableIRQ
 .text.HAL_NVIC_DisableIRQ
                0x08007800       0x28 ../../libDaisy/build\libdaisy.a(stm32h7xx_hal_cortex.o)
                0x08007800                HAL_NVIC_DisableIRQ
 .text.HAL_SYSTICK_Config
                0x08007828       0x2c ../../libDaisy/build\libdaisy.a(stm32h7xx_hal_cortex.o)
                0x08007828                HAL_SYSTICK_Config
 .text.HAL_MPU_Disable
                0x08007854       0x1c ../../libDaisy/build\libdaisy.a(stm32h7xx_hal_cortex.o)
                0x08007854                HAL_MPU_Disable
 .text.HAL_MPU_Enable
                0x08007870       0x20 ../../libDaisy/build\libdaisy.a(stm32h7xx_hal_cortex.o)
                0x08007870                HAL_MPU_Enable
 .text.HAL_MPU_ConfigRegion
                0x08007890       0x64 ../../libDaisy/build\libdaisy.a(stm32h7xx_hal_cortex.o)
                0x08007890                HAL_MPU_ConfigRegion
 .text.HAL_SYSTICK_Callback
                0x080078f4        0x4 ../../libDaisy/build\libdaisy.a(stm32h7xx_hal_cortex.o)
                0x080078f4                HAL_SYSTICK_Callback
 .text.HAL_SYSTICK_IRQHandler
                0x080078f8        0x8 ../../libDaisy/build\libdaisy.a(stm32h7xx_hal_cortex.o)
                0x080078f8                HAL_SYSTICK_IRQHandler
 .text.DMA_CalcBaseAndBitshift
                0x08007900       0xf4 ../../libDaisy/build\libdaisy.a(stm32h7xx_hal_dma.o)
 .text.DMA_CalcDMAMUXChannelBaseAndMask
                0x080079f4       0xd8 ../../libDaisy/build\libdaisy.a(stm32h7xx_hal_dma.o)
 .text.HAL_DMA_Init
                0x08007acc      0x37c ../../libDaisy/build\libdaisy.a(stm32h7xx_hal_dma.o)
                0x08007acc                HAL_DMA_Init
 .text.HAL_DMA_Start_IT
                0x08007e48      0x240 ../../libDaisy/build\libdaisy.a(stm32h7xx_hal_dma.o)
                0x08007e48                HAL_DMA_Start_IT
 .text.HAL_DMA_Abort_IT
                0x08008088      0x134 ../../libDaisy/build\libdaisy.a(stm32h7xx_hal_dma.o)
                0x08008088                HAL_DMA_Abort_IT
 .text.HAL_DMA_IRQHandler
                0x080081bc      0x6a0 ../../libDaisy/build\libdaisy.a(stm32h7xx_hal_dma.o)
                0x080081bc                HAL_DMA_IRQHandler
 .text.HAL_DMA_GetError
                0x0800885c        0x4 ../../libDaisy/build\libdaisy.a(stm32h7xx_hal_dma.o)
                0x0800885c                HAL_DMA_GetError
 .text.HAL_GPIO_Init
                0x08008860      0x280 ../../libDaisy/build\libdaisy.a(stm32h7xx_hal_gpio.o)
                0x08008860                HAL_GPIO_Init
 .text.HAL_GPIO_DeInit
                0x08008ae0      0x190 ../../libDaisy/build\libdaisy.a(stm32h7xx_hal_gpio.o)
                0x08008ae0                HAL_GPIO_DeInit
 .text.HAL_GPIO_ReadPin
                0x08008c70        0xc ../../libDaisy/build\libdaisy.a(stm32h7xx_hal_gpio.o)
                0x08008c70                HAL_GPIO_ReadPin
 .text.HAL_GPIO_WritePin
                0x08008c7c        0x8 ../../libDaisy/build\libdaisy.a(stm32h7xx_hal_gpio.o)
                0x08008c7c                HAL_GPIO_WritePin
 .text.HAL_HCD_IRQHandler
                0x08008c84      0x780 ../../libDaisy/build\libdaisy.a(stm32h7xx_hal_hcd.o)
                0x08008c84                HAL_HCD_IRQHandler
 .text.HAL_HCD_Stop
                0x08009404       0x28 ../../libDaisy/build\libdaisy.a(stm32h7xx_hal_hcd.o)
                0x08009404                HAL_HCD_Stop
 .text.I2C_WaitOnTXISFlagUntilTimeout
                0x0800942c       0xb8 ../../libDaisy/build\libdaisy.a(stm32h7xx_hal_i2c.o)
 .text.I2C_WaitOnSTOPFlagUntilTimeout
                0x080094e4       0xac ../../libDaisy/build\libdaisy.a(stm32h7xx_hal_i2c.o)
 .text.HAL_I2C_Init
                0x08009590       0xac ../../libDaisy/build\libdaisy.a(stm32h7xx_hal_i2c.o)
                0x08009590                HAL_I2C_Init
 .text.HAL_I2C_Master_Transmit
                0x0800963c      0x1a8 ../../libDaisy/build\libdaisy.a(stm32h7xx_hal_i2c.o)
                0x0800963c                HAL_I2C_Master_Transmit
 .text.HAL_I2C_Slave_Transmit
                0x080097e4      0x1c8 ../../libDaisy/build\libdaisy.a(stm32h7xx_hal_i2c.o)
                0x080097e4                HAL_I2C_Slave_Transmit
 .text.HAL_I2C_EV_IRQHandler
                0x080099ac       0x10 ../../libDaisy/build\libdaisy.a(stm32h7xx_hal_i2c.o)
                0x080099ac                HAL_I2C_EV_IRQHandler
 .text.HAL_I2C_GetState
                0x080099bc        0x8 ../../libDaisy/build\libdaisy.a(stm32h7xx_hal_i2c.o)
                0x080099bc                HAL_I2C_GetState
 .text.HAL_I2CEx_ConfigAnalogFilter
                0x080099c4       0x54 ../../libDaisy/build\libdaisy.a(stm32h7xx_hal_i2c_ex.o)
                0x080099c4                HAL_I2CEx_ConfigAnalogFilter
 .text.HAL_I2CEx_ConfigDigitalFilter
                0x08009a18       0x58 ../../libDaisy/build\libdaisy.a(stm32h7xx_hal_i2c_ex.o)
                0x08009a18                HAL_I2CEx_ConfigDigitalFilter
 .text.HAL_PCD_IRQHandler
                0x08009a70      0x69c ../../libDaisy/build\libdaisy.a(stm32h7xx_hal_pcd.o)
                0x08009a70                HAL_PCD_IRQHandler
 .text.HAL_PCD_SetAddress
                0x0800a10c       0x2c ../../libDaisy/build\libdaisy.a(stm32h7xx_hal_pcd.o)
                0x0800a10c                HAL_PCD_SetAddress
 .text.HAL_PCD_EP_Open
                0x0800a138       0x7c ../../libDaisy/build\libdaisy.a(stm32h7xx_hal_pcd.o)
                0x0800a138                HAL_PCD_EP_Open
 .text.HAL_PCD_EP_Receive
                0x0800a1b4       0x50 ../../libDaisy/build\libdaisy.a(stm32h7xx_hal_pcd.o)
                0x0800a1b4                HAL_PCD_EP_Receive
 .text.HAL_PCD_EP_Transmit
                0x0800a204       0x50 ../../libDaisy/build\libdaisy.a(stm32h7xx_hal_pcd.o)
                0x0800a204                HAL_PCD_EP_Transmit
 .text.HAL_PCD_EP_SetStall
                0x0800a254       0x88 ../../libDaisy/build\libdaisy.a(stm32h7xx_hal_pcd.o)
                0x0800a254                HAL_PCD_EP_SetStall
 .text.HAL_PCD_EP_ClrStall
                0x0800a2dc       0x78 ../../libDaisy/build\libdaisy.a(stm32h7xx_hal_pcd.o)
                0x0800a2dc                HAL_PCD_EP_ClrStall
 .text.HAL_PCDEx_LPM_Callback
                0x0800a354        0x4 ../../libDaisy/build\libdaisy.a(stm32h7xx_hal_pcd_ex.o)
                0x0800a354                HAL_PCDEx_LPM_Callback
 .text.HAL_PWREx_ConfigSupply
                0x0800a358       0x4c ../../libDaisy/build\libdaisy.a(stm32h7xx_hal_pwr_ex.o)
                0x0800a358                HAL_PWREx_ConfigSupply
 .text.HAL_PWREx_EnableUSBVoltageDetector
                0x0800a3a4       0x10 ../../libDaisy/build\libdaisy.a(stm32h7xx_hal_pwr_ex.o)
                0x0800a3a4                HAL_PWREx_EnableUSBVoltageDetector
 .text.QSPI_Config
                0x0800a3b4      0x174 ../../libDaisy/build\libdaisy.a(stm32h7xx_hal_qspi.o)
 .text.HAL_QSPI_Init
                0x0800a528       0xd8 ../../libDaisy/build\libdaisy.a(stm32h7xx_hal_qspi.o)
                0x0800a528                HAL_QSPI_Init
 .text.HAL_QSPI_DeInit
                0x0800a600       0x3c ../../libDaisy/build\libdaisy.a(stm32h7xx_hal_qspi.o)
                0x0800a600                HAL_QSPI_DeInit
 .text.HAL_QSPI_Command
                0x0800a63c       0xd4 ../../libDaisy/build\libdaisy.a(stm32h7xx_hal_qspi.o)
                0x0800a63c                HAL_QSPI_Command
 .text.HAL_QSPI_Transmit
                0x0800a710       0xfc ../../libDaisy/build\libdaisy.a(stm32h7xx_hal_qspi.o)
                0x0800a710                HAL_QSPI_Transmit
 .text.HAL_QSPI_Receive
                0x0800a80c      0x108 ../../libDaisy/build\libdaisy.a(stm32h7xx_hal_qspi.o)
                0x0800a80c                HAL_QSPI_Receive
 .text.HAL_QSPI_AutoPolling
                0x0800a914       0xf0 ../../libDaisy/build\libdaisy.a(stm32h7xx_hal_qspi.o)
                0x0800a914                HAL_QSPI_AutoPolling
 .text.HAL_QSPI_MemoryMapped
                0x0800aa04       0xc0 ../../libDaisy/build\libdaisy.a(stm32h7xx_hal_qspi.o)
                0x0800aa04                HAL_QSPI_MemoryMapped
 .text.HAL_QSPI_ErrorCallback
                0x0800aac4        0x4 ../../libDaisy/build\libdaisy.a(stm32h7xx_hal_qspi.o)
                0x0800aac4                HAL_QSPI_ErrorCallback
 .text.QSPI_DMAAbortCplt
                0x0800aac8       0x38 ../../libDaisy/build\libdaisy.a(stm32h7xx_hal_qspi.o)
 .text.HAL_QSPI_AbortCpltCallback
                0x0800ab00        0x4 ../../libDaisy/build\libdaisy.a(stm32h7xx_hal_qspi.o)
                0x0800ab00                HAL_QSPI_AbortCpltCallback
 .text.HAL_QSPI_CmdCpltCallback
                0x0800ab04        0x4 ../../libDaisy/build\libdaisy.a(stm32h7xx_hal_qspi.o)
                0x0800ab04                HAL_QSPI_CmdCpltCallback
 .text.HAL_QSPI_RxCpltCallback
                0x0800ab08        0x4 ../../libDaisy/build\libdaisy.a(stm32h7xx_hal_qspi.o)
                0x0800ab08                HAL_QSPI_RxCpltCallback
 .text.HAL_QSPI_TxCpltCallback
                0x0800ab0c        0x4 ../../libDaisy/build\libdaisy.a(stm32h7xx_hal_qspi.o)
                0x0800ab0c                HAL_QSPI_TxCpltCallback
 .text.HAL_QSPI_FifoThresholdCallback
                0x0800ab10        0x4 ../../libDaisy/build\libdaisy.a(stm32h7xx_hal_qspi.o)
                0x0800ab10                HAL_QSPI_FifoThresholdCallback
 .text.HAL_QSPI_StatusMatchCallback
                0x0800ab14        0x4 ../../libDaisy/build\libdaisy.a(stm32h7xx_hal_qspi.o)
                0x0800ab14                HAL_QSPI_StatusMatchCallback
 .text.HAL_QSPI_TimeOutCallback
                0x0800ab18        0x4 ../../libDaisy/build\libdaisy.a(stm32h7xx_hal_qspi.o)
                0x0800ab18                HAL_QSPI_TimeOutCallback
 .text.HAL_QSPI_IRQHandler
                0x0800ab1c      0x210 ../../libDaisy/build\libdaisy.a(stm32h7xx_hal_qspi.o)
                0x0800ab1c                HAL_QSPI_IRQHandler
 .text.HAL_RCC_OscConfig
                0x0800ad2c      0x51c ../../libDaisy/build\libdaisy.a(stm32h7xx_hal_rcc.o)
                0x0800ad2c                HAL_RCC_OscConfig
 .text.HAL_RCC_GetSysClockFreq
                0x0800b248      0x140 ../../libDaisy/build\libdaisy.a(stm32h7xx_hal_rcc.o)
                0x0800b248                HAL_RCC_GetSysClockFreq
 .text.HAL_RCC_ClockConfig
                0x0800b388      0x234 ../../libDaisy/build\libdaisy.a(stm32h7xx_hal_rcc.o)
                0x0800b388                HAL_RCC_ClockConfig
 .text.HAL_RCC_GetHCLKFreq
                0x0800b5bc       0x2c ../../libDaisy/build\libdaisy.a(stm32h7xx_hal_rcc.o)
                0x0800b5bc                HAL_RCC_GetHCLKFreq
 .text.HAL_RCC_GetPCLK1Freq
                0x0800b5e8       0x38 ../../libDaisy/build\libdaisy.a(stm32h7xx_hal_rcc.o)
                0x0800b5e8                HAL_RCC_GetPCLK1Freq
 .text.HAL_RCC_GetPCLK2Freq
                0x0800b620       0x38 ../../libDaisy/build\libdaisy.a(stm32h7xx_hal_rcc.o)
                0x0800b620                HAL_RCC_GetPCLK2Freq
 .text.RCCEx_PLL2_Config
                0x0800b658       0xf4 ../../libDaisy/build\libdaisy.a(stm32h7xx_hal_rcc_ex.o)
 .text.RCCEx_PLL3_Config
                0x0800b74c       0xf4 ../../libDaisy/build\libdaisy.a(stm32h7xx_hal_rcc_ex.o)
 .text.HAL_RCCEx_PeriphCLKConfig
                0x0800b840      0xa7c ../../libDaisy/build\libdaisy.a(stm32h7xx_hal_rcc_ex.o)
                0x0800b840                HAL_RCCEx_PeriphCLKConfig
 .text.HAL_RCCEx_GetD3PCLK1Freq
                0x0800c2bc       0x24 ../../libDaisy/build\libdaisy.a(stm32h7xx_hal_rcc_ex.o)
                0x0800c2bc                HAL_RCCEx_GetD3PCLK1Freq
 .text.HAL_RCCEx_GetPLL2ClockFreq
                0x0800c2e0      0x17c ../../libDaisy/build\libdaisy.a(stm32h7xx_hal_rcc_ex.o)
                0x0800c2e0                HAL_RCCEx_GetPLL2ClockFreq
 .text.HAL_RCCEx_GetPLL3ClockFreq
                0x0800c45c      0x17c ../../libDaisy/build\libdaisy.a(stm32h7xx_hal_rcc_ex.o)
                0x0800c45c                HAL_RCCEx_GetPLL3ClockFreq
 .text.HAL_RCCEx_GetPLL1ClockFreq
                0x0800c5d8      0x17c ../../libDaisy/build\libdaisy.a(stm32h7xx_hal_rcc_ex.o)
                0x0800c5d8                HAL_RCCEx_GetPLL1ClockFreq
 .text.HAL_RCCEx_GetPeriphCLKFreq
                0x0800c754      0x198 ../../libDaisy/build\libdaisy.a(stm32h7xx_hal_rcc_ex.o)
                0x0800c754                HAL_RCCEx_GetPeriphCLKFreq
 .text.HAL_RCCEx_GetD1SysClockFreq
                0x0800c8ec       0x2c ../../libDaisy/build\libdaisy.a(stm32h7xx_hal_rcc_ex.o)
                0x0800c8ec                HAL_RCCEx_GetD1SysClockFreq
 .text.HAL_SAI_Init.part.0
                0x0800c918      0x348 ../../libDaisy/build\libdaisy.a(stm32h7xx_hal_sai.o)
 .text.HAL_SAI_InitProtocol
                0x0800cc60      0x178 ../../libDaisy/build\libdaisy.a(stm32h7xx_hal_sai.o)
                0x0800cc60                HAL_SAI_InitProtocol
 .text.HAL_SAI_Transmit_DMA
                0x0800cdd8      0x124 ../../libDaisy/build\libdaisy.a(stm32h7xx_hal_sai.o)
                0x0800cdd8                HAL_SAI_Transmit_DMA
 .text.HAL_SAI_Receive_DMA
                0x0800cefc       0xd0 ../../libDaisy/build\libdaisy.a(stm32h7xx_hal_sai.o)
                0x0800cefc                HAL_SAI_Receive_DMA
 .text.HAL_SAI_TxCpltCallback
                0x0800cfcc        0x4 ../../libDaisy/build\libdaisy.a(stm32h7xx_hal_sai.o)
                0x0800cfcc                HAL_SAI_TxCpltCallback
 .text.SAI_DMATxCplt
                0x0800cfd0       0x64 ../../libDaisy/build\libdaisy.a(stm32h7xx_hal_sai.o)
 .text.HAL_SAI_TxHalfCpltCallback
                0x0800d034        0x4 ../../libDaisy/build\libdaisy.a(stm32h7xx_hal_sai.o)
                0x0800d034                HAL_SAI_TxHalfCpltCallback
 .text.SAI_DMATxHalfCplt
                0x0800d038        0xc ../../libDaisy/build\libdaisy.a(stm32h7xx_hal_sai.o)
 .text.SAI_DMARxCplt
                0x0800d044       0x64 ../../libDaisy/build\libdaisy.a(stm32h7xx_hal_sai.o)
 .text.SAI_DMARxHalfCplt
                0x0800d0a8        0xc ../../libDaisy/build\libdaisy.a(stm32h7xx_hal_sai.o)
 .text.HAL_SAI_ErrorCallback
                0x0800d0b4        0x4 ../../libDaisy/build\libdaisy.a(stm32h7xx_hal_sai.o)
                0x0800d0b4                HAL_SAI_ErrorCallback
 .text.SAI_DMAError
                0x0800d0b8       0x6c ../../libDaisy/build\libdaisy.a(stm32h7xx_hal_sai.o)
 .text.HAL_SDRAM_Init
                0x0800d124       0x54 ../../libDaisy/build\libdaisy.a(stm32h7xx_hal_sdram.o)
                0x0800d124                HAL_SDRAM_Init
 .text.HAL_SDRAM_SendCommand
                0x0800d178       0x40 ../../libDaisy/build\libdaisy.a(stm32h7xx_hal_sdram.o)
                0x0800d178                HAL_SDRAM_SendCommand
 .text.HAL_SDRAM_ProgramRefreshRate
                0x0800d1b8       0x30 ../../libDaisy/build\libdaisy.a(stm32h7xx_hal_sdram.o)
                0x0800d1b8                HAL_SDRAM_ProgramRefreshRate
 .text.FMC_SDRAM_Init
                0x0800d1e8       0x7c ../../libDaisy/build\libdaisy.a(stm32h7xx_ll_fmc.o)
                0x0800d1e8                FMC_SDRAM_Init
 .text.FMC_SDRAM_Timing_Init
                0x0800d264       0x98 ../../libDaisy/build\libdaisy.a(stm32h7xx_ll_fmc.o)
                0x0800d264                FMC_SDRAM_Timing_Init
 .text.FMC_SDRAM_SendCommand
                0x0800d2fc       0x28 ../../libDaisy/build\libdaisy.a(stm32h7xx_ll_fmc.o)
                0x0800d2fc                FMC_SDRAM_SendCommand
 .text.FMC_SDRAM_ProgramRefreshRate
                0x0800d324       0x1c ../../libDaisy/build\libdaisy.a(stm32h7xx_ll_fmc.o)
                0x0800d324                FMC_SDRAM_ProgramRefreshRate
 .text.USB_SetTurnaroundTime
                0x0800d340      0x104 ../../libDaisy/build\libdaisy.a(stm32h7xx_ll_usb.o)
                0x0800d340                USB_SetTurnaroundTime
 .text.USB_FlushTxFifo
                0x0800d444       0x34 ../../libDaisy/build\libdaisy.a(stm32h7xx_ll_usb.o)
                0x0800d444                USB_FlushTxFifo
 .text.USB_GetDevSpeed
                0x0800d478       0x24 ../../libDaisy/build\libdaisy.a(stm32h7xx_ll_usb.o)
                0x0800d478                USB_GetDevSpeed
 .text.USB_ActivateEndpoint
                0x0800d49c       0x90 ../../libDaisy/build\libdaisy.a(stm32h7xx_ll_usb.o)
                0x0800d49c                USB_ActivateEndpoint
 .text.USB_EPStartXfer
                0x0800d52c      0x230 ../../libDaisy/build\libdaisy.a(stm32h7xx_ll_usb.o)
                0x0800d52c                USB_EPStartXfer
 .text.USB_EP0StartXfer
                0x0800d75c      0x174 ../../libDaisy/build\libdaisy.a(stm32h7xx_ll_usb.o)
                0x0800d75c                USB_EP0StartXfer
 .text.USB_WritePacket
                0x0800d8d0       0x2c ../../libDaisy/build\libdaisy.a(stm32h7xx_ll_usb.o)
                0x0800d8d0                USB_WritePacket
 .text.USB_ReadPacket
                0x0800d8fc       0x20 ../../libDaisy/build\libdaisy.a(stm32h7xx_ll_usb.o)
                0x0800d8fc                USB_ReadPacket
 .text.USB_EPSetStall
                0x0800d91c       0x68 ../../libDaisy/build\libdaisy.a(stm32h7xx_ll_usb.o)
                0x0800d91c                USB_EPSetStall
 .text.USB_EPClearStall
                0x0800d984       0x58 ../../libDaisy/build\libdaisy.a(stm32h7xx_ll_usb.o)
                0x0800d984                USB_EPClearStall
 .text.USB_SetDevAddress
                0x0800d9dc       0x24 ../../libDaisy/build\libdaisy.a(stm32h7xx_ll_usb.o)
                0x0800d9dc                USB_SetDevAddress
 .text.USB_ReadInterrupts
                0x0800da00       0x14 ../../libDaisy/build\libdaisy.a(stm32h7xx_ll_usb.o)
                0x0800da00                USB_ReadInterrupts
 .text.USB_ReadDevAllOutEpInterrupt
                0x0800da14       0x1c ../../libDaisy/build\libdaisy.a(stm32h7xx_ll_usb.o)
                0x0800da14                USB_ReadDevAllOutEpInterrupt
 .text.USB_ReadDevAllInEpInterrupt
                0x0800da30       0x1c ../../libDaisy/build\libdaisy.a(stm32h7xx_ll_usb.o)
                0x0800da30                USB_ReadDevAllInEpInterrupt
 .text.USB_ReadDevOutEPInterrupt
                0x0800da4c       0x1c ../../libDaisy/build\libdaisy.a(stm32h7xx_ll_usb.o)
                0x0800da4c                USB_ReadDevOutEPInterrupt
 .text.USB_ReadDevInEPInterrupt
                0x0800da68       0x38 ../../libDaisy/build\libdaisy.a(stm32h7xx_ll_usb.o)
                0x0800da68                USB_ReadDevInEPInterrupt
 .text.USB_GetMode
                0x0800daa0        0x8 ../../libDaisy/build\libdaisy.a(stm32h7xx_ll_usb.o)
                0x0800daa0                USB_GetMode
 .text.USB_ActivateSetup
                0x0800daa8       0x38 ../../libDaisy/build\libdaisy.a(stm32h7xx_ll_usb.o)
                0x0800daa8                USB_ActivateSetup
 .text.USB_EP0_OutStart
                0x0800dae0       0x58 ../../libDaisy/build\libdaisy.a(stm32h7xx_ll_usb.o)
                0x0800dae0                USB_EP0_OutStart
 .text.USB_InitFSLSPClkSel
                0x0800db38       0x44 ../../libDaisy/build\libdaisy.a(stm32h7xx_ll_usb.o)
                0x0800db38                USB_InitFSLSPClkSel
 .text.USB_HC_ReadInterrupt
                0x0800db7c        0x8 ../../libDaisy/build\libdaisy.a(stm32h7xx_ll_usb.o)
                0x0800db7c                USB_HC_ReadInterrupt
 .text.USB_HC_Halt
                0x0800db84       0xc0 ../../libDaisy/build\libdaisy.a(stm32h7xx_ll_usb.o)
                0x0800db84                USB_HC_Halt
 .text.USB_StopHost
                0x0800dc44      0x2ec ../../libDaisy/build\libdaisy.a(stm32h7xx_ll_usb.o)
                0x0800dc44                USB_StopHost
 .text.USBD_SetClassConfig
                0x0800df30       0x14 ../../libDaisy/build\libdaisy.a(usbd_core.o)
                0x0800df30                USBD_SetClassConfig
 .text.USBD_ClrClassConfig
                0x0800df44       0x10 ../../libDaisy/build\libdaisy.a(usbd_core.o)
                0x0800df44                USBD_ClrClassConfig
 .text.USBD_LL_SetupStage
                0x0800df54       0x5c ../../libDaisy/build\libdaisy.a(usbd_core.o)
                0x0800df54                USBD_LL_SetupStage
 .text.USBD_LL_DataOutStage
                0x0800dfb0       0x7c ../../libDaisy/build\libdaisy.a(usbd_core.o)
                0x0800dfb0                USBD_LL_DataOutStage
 .text.USBD_LL_DataInStage
                0x0800e02c       0xcc ../../libDaisy/build\libdaisy.a(usbd_core.o)
                0x0800e02c                USBD_LL_DataInStage
 .text.USBD_LL_Reset
                0x0800e0f8       0x50 ../../libDaisy/build\libdaisy.a(usbd_core.o)
                0x0800e0f8                USBD_LL_Reset
 .text.USBD_LL_SetSpeed
                0x0800e148        0x8 ../../libDaisy/build\libdaisy.a(usbd_core.o)
                0x0800e148                USBD_LL_SetSpeed
 .text.USBD_LL_Suspend
                0x0800e150       0x14 ../../libDaisy/build\libdaisy.a(usbd_core.o)
                0x0800e150                USBD_LL_Suspend
 .text.USBD_LL_Resume
                0x0800e164       0x10 ../../libDaisy/build\libdaisy.a(usbd_core.o)
                0x0800e164                USBD_LL_Resume
 .text.USBD_LL_SOF
                0x0800e174       0x1c ../../libDaisy/build\libdaisy.a(usbd_core.o)
                0x0800e174                USBD_LL_SOF
 .text.USBD_LL_IsoINIncomplete
                0x0800e190        0x4 ../../libDaisy/build\libdaisy.a(usbd_core.o)
                0x0800e190                USBD_LL_IsoINIncomplete
 .text.USBD_LL_IsoOUTIncomplete
                0x0800e194        0x4 ../../libDaisy/build\libdaisy.a(usbd_core.o)
                0x0800e194                USBD_LL_IsoOUTIncomplete
 .text.USBD_LL_DevConnected
                0x0800e198        0x4 ../../libDaisy/build\libdaisy.a(usbd_core.o)
                0x0800e198                USBD_LL_DevConnected
 .text.USBD_LL_DevDisconnected
                0x0800e19c       0x18 ../../libDaisy/build\libdaisy.a(usbd_core.o)
                0x0800e19c                USBD_LL_DevDisconnected
 .text.USBD_StdDevReq
                0x0800e1b4      0x304 ../../libDaisy/build\libdaisy.a(usbd_ctlreq.o)
                0x0800e1b4                USBD_StdDevReq
 .text.USBD_StdItfReq
                0x0800e4b8       0x68 ../../libDaisy/build\libdaisy.a(usbd_ctlreq.o)
                0x0800e4b8                USBD_StdItfReq
 .text.USBD_StdEPReq
                0x0800e520      0x13c ../../libDaisy/build\libdaisy.a(usbd_ctlreq.o)
                0x0800e520                USBD_StdEPReq
 .text.USBD_ParseSetupRequest
                0x0800e65c       0x28 ../../libDaisy/build\libdaisy.a(usbd_ctlreq.o)
                0x0800e65c                USBD_ParseSetupRequest
 .text.USBD_CtlSendData
                0x0800e684       0x1c ../../libDaisy/build\libdaisy.a(usbd_ioreq.o)
                0x0800e684                USBD_CtlSendData
 .text.USBD_CtlContinueSendData
                0x0800e6a0       0x14 ../../libDaisy/build\libdaisy.a(usbd_ioreq.o)
                0x0800e6a0                USBD_CtlContinueSendData
 .text.USBD_CtlContinueRx
                0x0800e6b4       0x14 ../../libDaisy/build\libdaisy.a(usbd_ioreq.o)
                0x0800e6b4                USBD_CtlContinueRx
 .text.USBD_CtlSendStatus
                0x0800e6c8       0x18 ../../libDaisy/build\libdaisy.a(usbd_ioreq.o)
                0x0800e6c8                USBD_CtlSendStatus
 .text.USBD_CtlReceiveStatus
                0x0800e6e0       0x18 ../../libDaisy/build\libdaisy.a(usbd_ioreq.o)
                0x0800e6e0                USBD_CtlReceiveStatus
 .text.USBH_LL_IncTimer
                0x0800e6f8       0x20 ../../libDaisy/build\libdaisy.a(usbh_core.o)
                0x0800e6f8                USBH_LL_IncTimer
 .text.USBH_LL_PortEnabled
                0x0800e718        0x8 ../../libDaisy/build\libdaisy.a(usbh_core.o)
                0x0800e718                USBH_LL_PortEnabled
 .text.USBH_LL_PortDisabled
                0x0800e720        0x8 ../../libDaisy/build\libdaisy.a(usbh_core.o)
                0x0800e720                USBH_LL_PortDisabled
 .text.USBH_LL_Connect
                0x0800e728       0x18 ../../libDaisy/build\libdaisy.a(usbh_core.o)
                0x0800e728                USBH_LL_Connect
 .text.USBH_LL_Disconnect
                0x0800e740       0x2c ../../libDaisy/build\libdaisy.a(usbh_core.o)
                0x0800e740                USBH_LL_Disconnect
 .text.USBH_FreePipe
                0x0800e76c       0x18 ../../libDaisy/build\libdaisy.a(usbh_pipes.o)
                0x0800e76c                USBH_FreePipe
 .text._ZN5daisy6Random4InitEv
                0x0800e784       0x3c ../../libDaisy/build\libdaisy.a(rng.o)
                0x0800e784                daisy::Random::Init()
 .text._ZN5daisy9SpiHandle4Impl7InitDmaEv
                0x0800e7c0       0xec ../../libDaisy/build\libdaisy.a(spi.o)
                0x0800e7c0                daisy::SpiHandle::Impl::InitDma()
 .text._ZN5daisy9SpiHandle4Impl10StartDmaTxEPhjPFvPvEPFvS3_NS0_6ResultEES3_
                0x0800e8ac       0xc8 ../../libDaisy/build\libdaisy.a(spi.o)
                0x0800e8ac                daisy::SpiHandle::Impl::StartDmaTx(unsigned char*, unsigned int, void (*)(void*), void (*)(void*, daisy::SpiHandle::Result), void*)
 .text._ZN5daisy9SpiHandle4Impl10StartDmaRxEPhjPFvPvEPFvS3_NS0_6ResultEES3_
                0x0800e974       0xc8 ../../libDaisy/build\libdaisy.a(spi.o)
                0x0800e974                daisy::SpiHandle::Impl::StartDmaRx(unsigned char*, unsigned int, void (*)(void*), void (*)(void*, daisy::SpiHandle::Result), void*)
 .text._ZN5daisy9SpiHandle4Impl12StartDmaRxTxEPhS2_jPFvPvEPFvS3_NS0_6ResultEES3_
                0x0800ea3c       0xcc ../../libDaisy/build\libdaisy.a(spi.o)
                0x0800ea3c                daisy::SpiHandle::Impl::StartDmaRxTx(unsigned char*, unsigned char*, unsigned int, void (*)(void*), void (*)(void*, daisy::SpiHandle::Result), void*)
 .text._ZN5daisy9SpiHandle4Impl8InitPinsEv
                0x0800eb08      0x274 ../../libDaisy/build\libdaisy.a(spi.o)
                0x0800eb08                daisy::SpiHandle::Impl::InitPins()
 .text.HAL_SPI_MspInit
                0x0800ed7c      0x1a8 ../../libDaisy/build\libdaisy.a(spi.o)
                0x0800ed7c                HAL_SPI_MspInit
 .text.dsy_spi_global_init
                0x0800ef24       0x80 ../../libDaisy/build\libdaisy.a(spi.o)
                0x0800ef24                dsy_spi_global_init
 .text.SPI1_IRQHandler
                0x0800efa4        0xc ../../libDaisy/build\libdaisy.a(spi.o)
                0x0800efa4                SPI1_IRQHandler
 .text.SPI2_IRQHandler
                0x0800efb0        0xc ../../libDaisy/build\libdaisy.a(spi.o)
                0x0800efb0                SPI2_IRQHandler
 .text.SPI3_IRQHandler
                0x0800efbc        0xc ../../libDaisy/build\libdaisy.a(spi.o)
                0x0800efbc                SPI3_IRQHandler
 .text.SPI4_IRQHandler
                0x0800efc8        0xc ../../libDaisy/build\libdaisy.a(spi.o)
                0x0800efc8                SPI4_IRQHandler
 .text.SPI5_IRQHandler
                0x0800efd4        0xc ../../libDaisy/build\libdaisy.a(spi.o)
                0x0800efd4                SPI5_IRQHandler
 .text.DMA2_Stream2_IRQHandler
                0x0800efe0       0x34 ../../libDaisy/build\libdaisy.a(spi.o)
                0x0800efe0                DMA2_Stream2_IRQHandler
 .text.DMA2_Stream3_IRQHandler
                0x0800f014       0x38 ../../libDaisy/build\libdaisy.a(spi.o)
                0x0800f014                DMA2_Stream3_IRQHandler
 .text.HAL_SPI_TxCpltCallback
                0x0800f04c       0xc4 ../../libDaisy/build\libdaisy.a(spi.o)
                0x0800f04c                HAL_SPI_TxCpltCallback
 .text.HAL_SPI_RxCpltCallback
                0x0800f110       0xc4 ../../libDaisy/build\libdaisy.a(spi.o)
                0x0800f110                HAL_SPI_RxCpltCallback
 .text.HAL_SPI_TxRxCpltCallback
                0x0800f1d4       0xc4 ../../libDaisy/build\libdaisy.a(spi.o)
                0x0800f1d4                HAL_SPI_TxRxCpltCallback
 .text.HAL_SPI_ErrorCallback
                0x0800f298       0xc8 ../../libDaisy/build\libdaisy.a(spi.o)
                0x0800f298                HAL_SPI_ErrorCallback
 .text.startup._GLOBAL__sub_I__Z19MapInstanceToHandleP11SPI_TypeDef
                0x0800f360      0x1b0 ../../libDaisy/build\libdaisy.a(spi.o)
 .text.HAL_TIM_Base_MspInit
                0x0800f510      0x1e0 ../../libDaisy/build\libdaisy.a(tim.o)
                0x0800f510                HAL_TIM_Base_MspInit
 .text.HAL_TIM_PeriodElapsedCallback
                0x0800f6f0       0x44 ../../libDaisy/build\libdaisy.a(tim.o)
                0x0800f6f0                HAL_TIM_PeriodElapsedCallback
 .text.TIM2_IRQHandler
                0x0800f734        0xc ../../libDaisy/build\libdaisy.a(tim.o)
                0x0800f734                TIM2_IRQHandler
 .text.TIM3_IRQHandler
                0x0800f740        0xc ../../libDaisy/build\libdaisy.a(tim.o)
                0x0800f740                TIM3_IRQHandler
 .text.TIM4_IRQHandler
                0x0800f74c        0xc ../../libDaisy/build\libdaisy.a(tim.o)
                0x0800f74c                TIM4_IRQHandler
 .text.TIM5_IRQHandler
                0x0800f758        0xc ../../libDaisy/build\libdaisy.a(tim.o)
                0x0800f758                TIM5_IRQHandler
 .text._ZN5daisy11TimerHandle4InitERKNS0_6ConfigE
                0x0800f764       0xd0 ../../libDaisy/build\libdaisy.a(tim.o)
                0x0800f764                daisy::TimerHandle::Init(daisy::TimerHandle::Config const&)
 .text._ZN5daisy11TimerHandle5StartEv
                0x0800f834       0x24 ../../libDaisy/build\libdaisy.a(tim.o)
                0x0800f834                daisy::TimerHandle::Start()
 .text.startup._GLOBAL__sub_I__ZN5daisy11TimerHandle4Impl4InitERKNS0_6ConfigE
                0x0800f858       0x38 ../../libDaisy/build\libdaisy.a(tim.o)
 .text._ZN5daisy11UartHandler4Impl7InitDmaEbb
                0x0800f890      0x164 ../../libDaisy/build\libdaisy.a(uart.o)
                0x0800f890                daisy::UartHandler::Impl::InitDma(bool, bool)
 .text._ZN5daisy11UartHandler4Impl10HandleFifoEv
                0x0800f9f4       0xec ../../libDaisy/build\libdaisy.a(uart.o)
                0x0800f9f4                daisy::UartHandler::Impl::HandleFifo()
 .text._ZN5daisy11UartHandler4Impl10StartDmaTxEPhjPFvPvEPFvS3_NS0_6ResultEES3_
                0x0800fae0       0xcc ../../libDaisy/build\libdaisy.a(uart.o)
                0x0800fae0                daisy::UartHandler::Impl::StartDmaTx(unsigned char*, unsigned int, void (*)(void*), void (*)(void*, daisy::UartHandler::Result), void*)
 .text._ZN5daisy11UartHandler4Impl10StartDmaRxEPhjPFvPvEPFvS3_NS0_6ResultEES3_
                0x0800fbac       0xcc ../../libDaisy/build\libdaisy.a(uart.o)
                0x0800fbac                daisy::UartHandler::Impl::StartDmaRx(unsigned char*, unsigned int, void (*)(void*), void (*)(void*, daisy::UartHandler::Result), void*)
 .text._ZN5daisy11UartHandler4Impl19DmaTransferFinishedEP20__UART_HandleTypeDefNS0_6ResultE
                0x0800fc78       0xc0 ../../libDaisy/build\libdaisy.a(uart.o)
                0x0800fc78                daisy::UartHandler::Impl::DmaTransferFinished(__UART_HandleTypeDef*, daisy::UartHandler::Result)
 .text._ZN5daisy11UartHandler4Impl8InitPinsEv
                0x0800fd38      0x150 ../../libDaisy/build\libdaisy.a(uart.o)
                0x0800fd38                daisy::UartHandler::Impl::InitPins()
 .text.HAL_UART_MspInit
                0x0800fe88      0x210 ../../libDaisy/build\libdaisy.a(uart.o)
                0x0800fe88                HAL_UART_MspInit
 .text.dsy_uart_global_init
                0x08010098      0x110 ../../libDaisy/build\libdaisy.a(uart.o)
                0x08010098                dsy_uart_global_init
 .text.USART1_IRQHandler
                0x080101a8       0x30 ../../libDaisy/build\libdaisy.a(uart.o)
                0x080101a8                USART1_IRQHandler
 .text.USART2_IRQHandler
                0x080101d8       0x34 ../../libDaisy/build\libdaisy.a(uart.o)
                0x080101d8                USART2_IRQHandler
 .text.USART3_IRQHandler
                0x0801020c       0x34 ../../libDaisy/build\libdaisy.a(uart.o)
                0x0801020c                USART3_IRQHandler
 .text.UART4_IRQHandler
                0x08010240       0x34 ../../libDaisy/build\libdaisy.a(uart.o)
                0x08010240                UART4_IRQHandler
 .text.UART5_IRQHandler
                0x08010274       0x34 ../../libDaisy/build\libdaisy.a(uart.o)
                0x08010274                UART5_IRQHandler
 .text.USART6_IRQHandler
                0x080102a8       0x34 ../../libDaisy/build\libdaisy.a(uart.o)
                0x080102a8                USART6_IRQHandler
 .text.UART7_IRQHandler
                0x080102dc       0x30 ../../libDaisy/build\libdaisy.a(uart.o)
                0x080102dc                UART7_IRQHandler
 .text.UART8_IRQHandler
                0x0801030c       0x34 ../../libDaisy/build\libdaisy.a(uart.o)
                0x0801030c                UART8_IRQHandler
 .text.LPUART1_IRQHandler
                0x08010340       0x34 ../../libDaisy/build\libdaisy.a(uart.o)
                0x08010340                LPUART1_IRQHandler
 .text.DMA1_Stream5_IRQHandler
                0x08010374       0x34 ../../libDaisy/build\libdaisy.a(uart.o)
                0x08010374                DMA1_Stream5_IRQHandler
 .text.DMA2_Stream4_IRQHandler
                0x080103a8       0x34 ../../libDaisy/build\libdaisy.a(uart.o)
                0x080103a8                DMA2_Stream4_IRQHandler
 .text.HAL_UART_TxCpltCallback
                0x080103dc        0x8 ../../libDaisy/build\libdaisy.a(uart.o)
                0x080103dc                HAL_UART_TxCpltCallback
 .text.HAL_UART_RxCpltCallback
                0x080103e4        0x8 ../../libDaisy/build\libdaisy.a(uart.o)
                0x080103e4                HAL_UART_RxCpltCallback
 .text.HAL_UART_ErrorCallback
                0x080103ec        0x8 ../../libDaisy/build\libdaisy.a(uart.o)
                0x080103ec                HAL_UART_ErrorCallback
 .text.startup._GLOBAL__sub_I__Z19MapInstanceToHandleP13USART_TypeDef
                0x080103f4      0x190 ../../libDaisy/build\libdaisy.a(uart.o)
 .text.dsy_dma_init
                0x08010584      0x100 ../../libDaisy/build\libdaisy.a(dma.o)
                0x08010584                dsy_dma_init
 .text.HAL_MDMA_Abort_IT
                0x08010684       0x2c ../../libDaisy/build\libdaisy.a(stm32h7xx_hal_mdma.o)
                0x08010684                HAL_MDMA_Abort_IT
 .text.SPI_CloseTransfer
                0x080106b0       0xb8 ../../libDaisy/build\libdaisy.a(stm32h7xx_hal_spi.o)
 .text.HAL_SPI_Init
                0x08010768      0x15c ../../libDaisy/build\libdaisy.a(stm32h7xx_hal_spi.o)
                0x08010768                HAL_SPI_Init
 .text.HAL_SPI_Transmit_DMA
                0x080108c4      0x170 ../../libDaisy/build\libdaisy.a(stm32h7xx_hal_spi.o)
                0x080108c4                HAL_SPI_Transmit_DMA
 .text.HAL_SPI_TransmitReceive_DMA
                0x08010a34      0x218 ../../libDaisy/build\libdaisy.a(stm32h7xx_hal_spi.o)
                0x08010a34                HAL_SPI_TransmitReceive_DMA
 .text.HAL_SPI_Receive_DMA
                0x08010c4c      0x1b4 ../../libDaisy/build\libdaisy.a(stm32h7xx_hal_spi.o)
                0x08010c4c                HAL_SPI_Receive_DMA
 .text.SPI_DMATransmitCplt
                0x08010e00       0x28 ../../libDaisy/build\libdaisy.a(stm32h7xx_hal_spi.o)
 .text.SPI_DMAReceiveCplt
                0x08010e28       0x28 ../../libDaisy/build\libdaisy.a(stm32h7xx_hal_spi.o)
 .text.SPI_DMATransmitReceiveCplt
                0x08010e50       0x28 ../../libDaisy/build\libdaisy.a(stm32h7xx_hal_spi.o)
 .text.HAL_SPI_TxHalfCpltCallback
                0x08010e78        0x4 ../../libDaisy/build\libdaisy.a(stm32h7xx_hal_spi.o)
                0x08010e78                HAL_SPI_TxHalfCpltCallback
 .text.SPI_DMAHalfTransmitCplt
                0x08010e7c        0xc ../../libDaisy/build\libdaisy.a(stm32h7xx_hal_spi.o)
 .text.HAL_SPI_RxHalfCpltCallback
                0x08010e88        0x4 ../../libDaisy/build\libdaisy.a(stm32h7xx_hal_spi.o)
                0x08010e88                HAL_SPI_RxHalfCpltCallback
 .text.SPI_DMAHalfReceiveCplt
                0x08010e8c        0xc ../../libDaisy/build\libdaisy.a(stm32h7xx_hal_spi.o)
 .text.HAL_SPI_TxRxHalfCpltCallback
                0x08010e98        0x4 ../../libDaisy/build\libdaisy.a(stm32h7xx_hal_spi.o)
                0x08010e98                HAL_SPI_TxRxHalfCpltCallback
 .text.SPI_DMAHalfTransmitReceiveCplt
                0x08010e9c        0xc ../../libDaisy/build\libdaisy.a(stm32h7xx_hal_spi.o)
 .text.SPI_DMAError
                0x08010ea8       0xd8 ../../libDaisy/build\libdaisy.a(stm32h7xx_hal_spi.o)
 .text.HAL_SPI_IRQHandler
                0x08010f80      0x23c ../../libDaisy/build\libdaisy.a(stm32h7xx_hal_spi.o)
                0x08010f80                HAL_SPI_IRQHandler
 .text.SPI_DMAAbortOnError
                0x080111bc       0x1c ../../libDaisy/build\libdaisy.a(stm32h7xx_hal_spi.o)
 .text.HAL_SPI_GetState
                0x080111d8        0x8 ../../libDaisy/build\libdaisy.a(stm32h7xx_hal_spi.o)
                0x080111d8                HAL_SPI_GetState
 .text.HAL_TIM_Base_Init
                0x080111e0      0x140 ../../libDaisy/build\libdaisy.a(stm32h7xx_hal_tim.o)
                0x080111e0                HAL_TIM_Base_Init
 .text.HAL_TIM_Base_Start
                0x08011320       0x34 ../../libDaisy/build\libdaisy.a(stm32h7xx_hal_tim.o)
                0x08011320                HAL_TIM_Base_Start
 .text.HAL_TIM_Base_Start_IT
                0x08011354       0x2c ../../libDaisy/build\libdaisy.a(stm32h7xx_hal_tim.o)
                0x08011354                HAL_TIM_Base_Start_IT
 .text.HAL_TIM_ConfigClockSource
                0x08011380      0x17c ../../libDaisy/build\libdaisy.a(stm32h7xx_hal_tim.o)
                0x08011380                HAL_TIM_ConfigClockSource
 .text.HAL_TIM_OC_DelayElapsedCallback
                0x080114fc        0x4 ../../libDaisy/build\libdaisy.a(stm32h7xx_hal_tim.o)
                0x080114fc                HAL_TIM_OC_DelayElapsedCallback
 .text.HAL_TIM_IC_CaptureCallback
                0x08011500        0x4 ../../libDaisy/build\libdaisy.a(stm32h7xx_hal_tim.o)
                0x08011500                HAL_TIM_IC_CaptureCallback
 .text.HAL_TIM_PWM_PulseFinishedCallback
                0x08011504        0x4 ../../libDaisy/build\libdaisy.a(stm32h7xx_hal_tim.o)
                0x08011504                HAL_TIM_PWM_PulseFinishedCallback
 .text.HAL_TIM_TriggerCallback
                0x08011508        0x4 ../../libDaisy/build\libdaisy.a(stm32h7xx_hal_tim.o)
                0x08011508                HAL_TIM_TriggerCallback
 .text.HAL_TIM_IRQHandler
                0x0801150c      0x170 ../../libDaisy/build\libdaisy.a(stm32h7xx_hal_tim.o)
                0x0801150c                HAL_TIM_IRQHandler
 .text.HAL_TIMEx_MasterConfigSynchronization
                0x0801167c       0x64 ../../libDaisy/build\libdaisy.a(stm32h7xx_hal_tim_ex.o)
                0x0801167c                HAL_TIMEx_MasterConfigSynchronization
 .text.HAL_TIMEx_CommutCallback
                0x080116e0        0x4 ../../libDaisy/build\libdaisy.a(stm32h7xx_hal_tim_ex.o)
                0x080116e0                HAL_TIMEx_CommutCallback
 .text.HAL_TIMEx_BreakCallback
                0x080116e4        0x4 ../../libDaisy/build\libdaisy.a(stm32h7xx_hal_tim_ex.o)
                0x080116e4                HAL_TIMEx_BreakCallback
 .text.HAL_TIMEx_Break2Callback
                0x080116e8        0x4 ../../libDaisy/build\libdaisy.a(stm32h7xx_hal_tim_ex.o)
                0x080116e8                HAL_TIMEx_Break2Callback
 .text.HAL_UART_Transmit_DMA
                0x080116ec       0xa4 ../../libDaisy/build\libdaisy.a(stm32h7xx_hal_uart.o)
                0x080116ec                HAL_UART_Transmit_DMA
 .text.HAL_UART_Receive_DMA
                0x08011790       0xac ../../libDaisy/build\libdaisy.a(stm32h7xx_hal_uart.o)
                0x08011790                HAL_UART_Receive_DMA
 .text.UART_DMATransmitCplt
                0x0801183c       0x2c ../../libDaisy/build\libdaisy.a(stm32h7xx_hal_uart.o)
 .text.HAL_UART_TxHalfCpltCallback
                0x08011868        0x4 ../../libDaisy/build\libdaisy.a(stm32h7xx_hal_uart.o)
                0x08011868                HAL_UART_TxHalfCpltCallback
 .text.UART_DMATxHalfCplt
                0x0801186c        0xc ../../libDaisy/build\libdaisy.a(stm32h7xx_hal_uart.o)
 .text.UART_DMAReceiveCplt
                0x08011878       0x38 ../../libDaisy/build\libdaisy.a(stm32h7xx_hal_uart.o)
 .text.HAL_UART_RxHalfCpltCallback
                0x080118b0        0x4 ../../libDaisy/build\libdaisy.a(stm32h7xx_hal_uart.o)
                0x080118b0                HAL_UART_RxHalfCpltCallback
 .text.UART_DMARxHalfCplt
                0x080118b4        0xc ../../libDaisy/build\libdaisy.a(stm32h7xx_hal_uart.o)
 .text.UART_DMAError
                0x080118c0       0x78 ../../libDaisy/build\libdaisy.a(stm32h7xx_hal_uart.o)
 .text.HAL_UART_IRQHandler
                0x08011938      0x1d0 ../../libDaisy/build\libdaisy.a(stm32h7xx_hal_uart.o)
                0x08011938                HAL_UART_IRQHandler
 .text.UART_DMAAbortOnError
                0x08011b08       0x14 ../../libDaisy/build\libdaisy.a(stm32h7xx_hal_uart.o)
 .text.HAL_UART_GetState
                0x08011b1c        0xc ../../libDaisy/build\libdaisy.a(stm32h7xx_hal_uart.o)
                0x08011b1c                HAL_UART_GetState
 .text.UART_SetConfig
                0x08011b28     0x14b8 ../../libDaisy/build\libdaisy.a(stm32h7xx_hal_uart.o)
                0x08011b28                UART_SetConfig
 .text.UART_AdvFeatureConfig
                0x08012fe0       0xb0 ../../libDaisy/build\libdaisy.a(stm32h7xx_hal_uart.o)
                0x08012fe0                UART_AdvFeatureConfig
 .text.UART_CheckIdleState
                0x08013090       0x84 ../../libDaisy/build\libdaisy.a(stm32h7xx_hal_uart.o)
                0x08013090                UART_CheckIdleState
 .text.HAL_UART_Init
                0x08013114       0x68 ../../libDaisy/build\libdaisy.a(stm32h7xx_hal_uart.o)
                0x08013114                HAL_UART_Init
 .text.HAL_UARTEx_WakeupCallback
                0x0801317c        0x4 ../../libDaisy/build\libdaisy.a(stm32h7xx_hal_uart_ex.o)
                0x0801317c                HAL_UARTEx_WakeupCallback
 .text.HAL_UARTEx_RxFifoFullCallback
                0x08013180        0x4 ../../libDaisy/build\libdaisy.a(stm32h7xx_hal_uart_ex.o)
                0x08013180                HAL_UARTEx_RxFifoFullCallback
 .text.HAL_UARTEx_TxFifoEmptyCallback
                0x08013184        0x4 ../../libDaisy/build\libdaisy.a(stm32h7xx_hal_uart_ex.o)
                0x08013184                HAL_UARTEx_TxFifoEmptyCallback
 .text.__aeabi_atexit
                0x08013188        0xa c:/program files/daisytoolchain/bin/../lib/gcc/arm-none-eabi/10.2.1/../../../../arm-none-eabi/lib/thumb/v7e-m+dp/hard\libstdc++_nano.a(atexit_arm.o)
                0x08013188                __aeabi_atexit
 *fill*         0x08013192        0x2 
 .text.with_errnof
                0x08013194       0x18 c:/program files/daisytoolchain/bin/../lib/gcc/arm-none-eabi/10.2.1/../../../../arm-none-eabi/lib/thumb/v7e-m+dp/hard\libm.a(lib_a-math_errf.o)
 .text.xflowf   0x080131ac       0x20 c:/program files/daisytoolchain/bin/../lib/gcc/arm-none-eabi/10.2.1/../../../../arm-none-eabi/lib/thumb/v7e-m+dp/hard\libm.a(lib_a-math_errf.o)
 .text.__math_uflowf
                0x080131cc        0xc c:/program files/daisytoolchain/bin/../lib/gcc/arm-none-eabi/10.2.1/../../../../arm-none-eabi/lib/thumb/v7e-m+dp/hard\libm.a(lib_a-math_errf.o)
                0x080131cc                __math_uflowf
 .text.__math_may_uflowf
                0x080131d8        0xc c:/program files/daisytoolchain/bin/../lib/gcc/arm-none-eabi/10.2.1/../../../../arm-none-eabi/lib/thumb/v7e-m+dp/hard\libm.a(lib_a-math_errf.o)
                0x080131d8                __math_may_uflowf
 .text.__math_oflowf
                0x080131e4        0xc c:/program files/daisytoolchain/bin/../lib/gcc/arm-none-eabi/10.2.1/../../../../arm-none-eabi/lib/thumb/v7e-m+dp/hard\libm.a(lib_a-math_errf.o)
                0x080131e4                __math_oflowf
 .text.expf     0x080131f0       0xe4 c:/program files/daisytoolchain/bin/../lib/gcc/arm-none-eabi/10.2.1/../../../../arm-none-eabi/lib/thumb/v7e-m+dp/hard\libm.a(lib_a-sf_exp.o)
                0x080131f0                expf
 .text.__cxa_atexit
                0x080132d4       0x1c c:/program files/daisytoolchain/bin/../lib/gcc/arm-none-eabi/10.2.1/../../../../arm-none-eabi/lib/thumb/v7e-m+dp/hard\libc_nano.a(lib_a-cxa_atexit.o)
                0x080132d4                __cxa_atexit
 .text.__errno  0x080132f0        0xc c:/program files/daisytoolchain/bin/../lib/gcc/arm-none-eabi/10.2.1/../../../../arm-none-eabi/lib/thumb/v7e-m+dp/hard\libc_nano.a(lib_a-errno.o)
                0x080132f0                __errno
 .text.__libc_init_array
                0x080132fc       0x48 c:/program files/daisytoolchain/bin/../lib/gcc/arm-none-eabi/10.2.1/../../../../arm-none-eabi/lib/thumb/v7e-m+dp/hard\libc_nano.a(lib_a-init.o)
                0x080132fc                __libc_init_array
 .text.memcpy   0x08013344       0x1c c:/program files/daisytoolchain/bin/../lib/gcc/arm-none-eabi/10.2.1/../../../../arm-none-eabi/lib/thumb/v7e-m+dp/hard\libc_nano.a(lib_a-memcpy-stub.o)
                0x08013344                memcpy
 .text.memset   0x08013360       0x10 c:/program files/daisytoolchain/bin/../lib/gcc/arm-none-eabi/10.2.1/../../../../arm-none-eabi/lib/thumb/v7e-m+dp/hard\libc_nano.a(lib_a-memset.o)
                0x08013360                memset
 *(.rodata)
 .rodata        0x08013370       0x30 build/esc50v10_data.o
 .rodata        0x080133a0        0x3 build/AIBoiler.o
 *fill*         0x080133a3        0x1 
 .rodata        0x080133a4       0x10 ../../libDaisy/build\libdaisy.a(i2c.o)
 .rodata        0x080133b4       0x10 ../../libDaisy/build\libdaisy.a(tim.o)
 .rodata        0x080133c4       0x12 ../../libDaisy/build\libdaisy.a(uart.o)
 *(.rodata*)
 *fill*         0x080133d6        0x2 
 .rodata.nl_8_chain
                0x080133d8        0x8 build/esc50v10.o
 .rodata.gemm_7_chain
                0x080133e0        0x8 build/esc50v10.o
 .rodata.nl_6_nl_chain
                0x080133e8        0x8 build/esc50v10.o
 .rodata.gemm_6_chain
                0x080133f0        0x8 build/esc50v10.o
 .rodata.nl_4_nl_chain
                0x080133f8        0x8 build/esc50v10.o
 .rodata.conv2d_4_chain
                0x08013400        0x8 build/esc50v10.o
 .rodata.nl_3_nl_chain
                0x08013408        0x8 build/esc50v10.o
 .rodata.conv2d_2_chain
                0x08013410        0x8 build/esc50v10.o
 .rodata.nl_1_nl_chain
                0x08013418        0x8 build/esc50v10.o
 .rodata.conv2d_0_chain
                0x08013420        0x8 build/esc50v10.o
 .rodata.CSWTCH.35
                0x08013428        0x3 ../../libDaisy/build\libdaisy.a(sai.o)
 *fill*         0x0801342b        0x1 
 .rodata.CSWTCH.36
                0x0801342c        0xc ../../libDaisy/build\libdaisy.a(sai.o)
 .rodata.CSWTCH.44
                0x08013438       0x14 ../../libDaisy/build\libdaisy.a(sai.o)
 .rodata.D1CorePrescTable
                0x0801344c       0x10 ../../libDaisy/build\libdaisy.a(system_stm32h7xx.o)
                0x0801344c                D1CorePrescTable
 .rodata.CSWTCH.24
                0x0801345c        0x4 ../../libDaisy/build\libdaisy.a(usbd_conf.o)
 .rodata.CSWTCH.19
                0x08013460        0x4 ../../libDaisy/build\libdaisy.a(usbh_conf.o)
 .rodata.gpio_hal_pin_map
                0x08013464       0x20 ../../libDaisy/build\libdaisy.a(hal_map.o)
 .rodata.gpio_hal_port_map
                0x08013484       0x30 ../../libDaisy/build\libdaisy.a(hal_map.o)
 .rodata.flagBitshiftOffset.0
                0x080134b4        0x8 ../../libDaisy/build\libdaisy.a(stm32h7xx_hal_dma.o)
 .rodata._ZL13pins_none_spi
                0x080134bc        0x3 ../../libDaisy/build\libdaisy.a(spi.o)
 *fill*         0x080134bf        0x1 
 .rodata._ZL16pins_periphs_spi
                0x080134c0       0x60 ../../libDaisy/build\libdaisy.a(spi.o)
 .rodata.CSWTCH.418
                0x08013520       0x29 ../../libDaisy/build\libdaisy.a(stm32h7xx_hal_uart.o)
 *fill*         0x08013549        0x3 
 .rodata.CSWTCH.419
                0x0801354c        0x6 ../../libDaisy/build\libdaisy.a(stm32h7xx_hal_uart.o)
 *fill*         0x08013552        0x2 
 .rodata.CSWTCH.426
                0x08013554        0x6 ../../libDaisy/build\libdaisy.a(stm32h7xx_hal_uart.o)
 *fill*         0x0801355a        0x6 
 .rodata.__exp2f_data
                0x08013560      0x148 c:/program files/daisytoolchain/bin/../lib/gcc/arm-none-eabi/10.2.1/../../../../arm-none-eabi/lib/thumb/v7e-m+dp/hard\libm.a(lib_a-sf_exp2_data.o)
                0x08013560                __exp2f_data
 .rodata.__sf_fake_stderr
                0x080136a8       0x20 c:/program files/daisytoolchain/bin/../lib/gcc/arm-none-eabi/10.2.1/../../../../arm-none-eabi/lib/thumb/v7e-m+dp/hard\libc_nano.a(lib_a-findfp.o)
                0x080136a8                __sf_fake_stderr
 .rodata.__sf_fake_stdin
                0x080136c8       0x20 c:/program files/daisytoolchain/bin/../lib/gcc/arm-none-eabi/10.2.1/../../../../arm-none-eabi/lib/thumb/v7e-m+dp/hard\libc_nano.a(lib_a-findfp.o)
                0x080136c8                __sf_fake_stdin
 .rodata.__sf_fake_stdout
                0x080136e8       0x20 c:/program files/daisytoolchain/bin/../lib/gcc/arm-none-eabi/10.2.1/../../../../arm-none-eabi/lib/thumb/v7e-m+dp/hard\libc_nano.a(lib_a-findfp.o)
                0x080136e8                __sf_fake_stdout
 *(.glue_7)
 .glue_7        0x08013708        0x0 linker stubs
 *(.glue_7t)
 .glue_7t       0x08013708        0x0 linker stubs
 *(.init)
 .init          0x08013708        0x4 c:/program files/daisytoolchain/bin/../lib/gcc/arm-none-eabi/10.2.1/thumb/v7e-m+dp/hard/crti.o
                0x08013708                _init
 .init          0x0801370c        0x8 c:/program files/daisytoolchain/bin/../lib/gcc/arm-none-eabi/10.2.1/thumb/v7e-m+dp/hard/crtn.o
 *(.fini)
 .fini          0x08013714        0x4 c:/program files/daisytoolchain/bin/../lib/gcc/arm-none-eabi/10.2.1/thumb/v7e-m+dp/hard/crti.o
                0x08013714                _fini
 .fini          0x08013718        0x8 c:/program files/daisytoolchain/bin/../lib/gcc/arm-none-eabi/10.2.1/thumb/v7e-m+dp/hard/crtn.o
                0x08013720                . = ALIGN (0x4)
                0x08013720                _etext = .

.eh_frame       0x08013720        0x0
 .eh_frame      0x08013720        0x0 c:/program files/daisytoolchain/bin/../lib/gcc/arm-none-eabi/10.2.1/thumb/v7e-m+dp/hard/crtbegin.o

.vfp11_veneer   0x08013720        0x0
 .vfp11_veneer  0x08013720        0x0 linker stubs

.v4_bx          0x08013720        0x0
 .v4_bx         0x08013720        0x0 linker stubs

.iplt           0x08013720        0x0
 .iplt          0x08013720        0x0 c:/program files/daisytoolchain/bin/../lib/gcc/arm-none-eabi/10.2.1/thumb/v7e-m+dp/hard/crtbegin.o

.ARM.extab      0x08013720        0x0
                0x08013720                . = ALIGN (0x4)
 *(.ARM.extab)
 *(.gnu.linkonce.armextab.*)
                0x08013720                . = ALIGN (0x4)

.exidx          0x08013720        0x8
                0x08013720                . = ALIGN (0x4)
                [!provide]                PROVIDE (__exidx_start = .)
 *(.ARM.exidx*)
 .ARM.exidx     0x08013720        0x8 c:/program files/daisytoolchain/bin/../lib/gcc/arm-none-eabi/10.2.1/thumb/v7e-m+dp/hard\libgcc.a(_udivmoddi4.o)
                0x08013728                . = ALIGN (0x4)
                [!provide]                PROVIDE (__exidx_end = .)

.ARM.attributes
                0x08013728       0x2e
 *(.ARM.attributes)
 .ARM.attributes